[    0.000000] Linux version 6.11.0-17-generic (buildd@lcy02-amd64-038) (x86_64-linux-gnu-gcc-13 (Ubuntu 13.3.0-6ubuntu2~24.04) 13.3.0, GNU ld (GNU Binutils for Ubuntu) 2.42) #17~24.04.2-Ubuntu SMP PREEMPT_DYNAMIC Mon Jan 20 22:48:29 UTC 2 (Ubuntu 6.11.0-17.17~24.04.2-generic 6.11.11)
[    0.000000] Command line: BOOT_IMAGE=/boot/vmlinuz-6.11.0-17-generic root=UUID=558bb015-4f91-4714-857e-c8337a8f2fc7 ro quiet splash
[    0.000000] KERNEL supported cpus:
[    0.000000]   Intel GenuineIntel
[    0.000000]   AMD AuthenticAMD
[    0.000000]   Hygon HygonGenuine
[    0.000000]   Centaur CentaurHauls
[    0.000000]   zhaoxin   Shanghai  
[    0.000000] [Firmware Bug]: TSC doesn't count with P0 frequency!
[    0.000000] BIOS-provided physical RAM map:
[    0.000000] BIOS-e820: [mem 0x0000000000000000-0x000000000009e7ff] usable
[    0.000000] BIOS-e820: [mem 0x000000000009e800-0x000000000009ffff] reserved
[    0.000000] BIOS-e820: [mem 0x00000000000dc000-0x00000000000fffff] reserved
[    0.000000] BIOS-e820: [mem 0x0000000000100000-0x00000000bfecffff] usable
[    0.000000] BIOS-e820: [mem 0x00000000bfed0000-0x00000000bfefefff] ACPI data
[    0.000000] BIOS-e820: [mem 0x00000000bfeff000-0x00000000bfefffff] ACPI NVS
[    0.000000] BIOS-e820: [mem 0x00000000bff00000-0x00000000bfffffff] usable
[    0.000000] BIOS-e820: [mem 0x00000000f0000000-0x00000000f7ffffff] reserved
[    0.000000] BIOS-e820: [mem 0x00000000fec00000-0x00000000fec0ffff] reserved
[    0.000000] BIOS-e820: [mem 0x00000000fee00000-0x00000000fee00fff] reserved
[    0.000000] BIOS-e820: [mem 0x00000000fffe0000-0x00000000ffffffff] reserved
[    0.000000] BIOS-e820: [mem 0x0000000100000000-0x000000023fffffff] usable
[    0.000000] NX (Execute Disable) protection: active
[    0.000000] APIC: Static calls initialized
[    0.000000] SMBIOS 2.7 present.
[    0.000000] DMI: VMware, Inc. VMware Virtual Platform/440BX Desktop Reference Platform, BIOS 6.00 11/12/2020
[    0.000000] DMI: Memory slots populated: 1/128
[    0.000000] vmware: hypercall mode: 0x01
[    0.000000] Hypervisor detected: VMware
[    0.000000] vmware: TSC freq read from hypervisor : 4691.064 MHz
[    0.000000] vmware: Host bus clock speed read from hypervisor : 66000000 Hz
[    0.000000] vmware: using clock offset of 5856963631 ns
[    0.000017] tsc: Detected 4691.064 MHz processor
[    0.001185] e820: update [mem 0x00000000-0x00000fff] usable ==> reserved
[    0.001189] e820: remove [mem 0x000a0000-0x000fffff] usable
[    0.001194] last_pfn = 0x240000 max_arch_pfn = 0x400000000
[    0.001241] total RAM covered: 261120M
[    0.001324]  gran_size: 64K 	chunk_size: 64K 	num_reg: 8  	lose cover RAM: 0G
[    0.001327]  gran_size: 64K 	chunk_size: 128K 	num_reg: 8  	lose cover RAM: 0G
[    0.001328]  gran_size: 64K 	chunk_size: 256K 	num_reg: 8  	lose cover RAM: 0G
[    0.001328]  gran_size: 64K 	chunk_size: 512K 	num_reg: 8  	lose cover RAM: 0G
[    0.001329]  gran_size: 64K 	chunk_size: 1M 	num_reg: 8  	lose cover RAM: 0G
[    0.001329]  gran_size: 64K 	chunk_size: 2M 	num_reg: 8  	lose cover RAM: 0G
[    0.001330]  gran_size: 64K 	chunk_size: 4M 	num_reg: 8  	lose cover RAM: 0G
[    0.001331]  gran_size: 64K 	chunk_size: 8M 	num_reg: 8  	lose cover RAM: 0G
[    0.001331]  gran_size: 64K 	chunk_size: 16M 	num_reg: 8  	lose cover RAM: 0G
[    0.001332]  gran_size: 64K 	chunk_size: 32M 	num_reg: 8  	lose cover RAM: 0G
[    0.001332]  gran_size: 64K 	chunk_size: 64M 	num_reg: 8  	lose cover RAM: 0G
[    0.001333]  gran_size: 64K 	chunk_size: 128M 	num_reg: 8  	lose cover RAM: 0G
[    0.001334]  gran_size: 64K 	chunk_size: 256M 	num_reg: 8  	lose cover RAM: 0G
[    0.001334]  gran_size: 64K 	chunk_size: 512M 	num_reg: 8  	lose cover RAM: 0G
[    0.001335]  gran_size: 64K 	chunk_size: 1G 	num_reg: 8  	lose cover RAM: 0G
[    0.001335]  gran_size: 64K 	chunk_size: 2G 	num_reg: 8  	lose cover RAM: 0G
[    0.001336]  gran_size: 128K 	chunk_size: 128K 	num_reg: 8  	lose cover RAM: 0G
[    0.001337]  gran_size: 128K 	chunk_size: 256K 	num_reg: 8  	lose cover RAM: 0G
[    0.001337]  gran_size: 128K 	chunk_size: 512K 	num_reg: 8  	lose cover RAM: 0G
[    0.001338]  gran_size: 128K 	chunk_size: 1M 	num_reg: 8  	lose cover RAM: 0G
[    0.001338]  gran_size: 128K 	chunk_size: 2M 	num_reg: 8  	lose cover RAM: 0G
[    0.001339]  gran_size: 128K 	chunk_size: 4M 	num_reg: 8  	lose cover RAM: 0G
[    0.001339]  gran_size: 128K 	chunk_size: 8M 	num_reg: 8  	lose cover RAM: 0G
[    0.001340]  gran_size: 128K 	chunk_size: 16M 	num_reg: 8  	lose cover RAM: 0G
[    0.001341]  gran_size: 128K 	chunk_size: 32M 	num_reg: 8  	lose cover RAM: 0G
[    0.001341]  gran_size: 128K 	chunk_size: 64M 	num_reg: 8  	lose cover RAM: 0G
[    0.001342]  gran_size: 128K 	chunk_size: 128M 	num_reg: 8  	lose cover RAM: 0G
[    0.001342]  gran_size: 128K 	chunk_size: 256M 	num_reg: 8  	lose cover RAM: 0G
[    0.001343]  gran_size: 128K 	chunk_size: 512M 	num_reg: 8  	lose cover RAM: 0G
[    0.001344]  gran_size: 128K 	chunk_size: 1G 	num_reg: 8  	lose cover RAM: 0G
[    0.001344]  gran_size: 128K 	chunk_size: 2G 	num_reg: 8  	lose cover RAM: 0G
[    0.001345]  gran_size: 256K 	chunk_size: 256K 	num_reg: 8  	lose cover RAM: 0G
[    0.001345]  gran_size: 256K 	chunk_size: 512K 	num_reg: 8  	lose cover RAM: 0G
[    0.001346]  gran_size: 256K 	chunk_size: 1M 	num_reg: 8  	lose cover RAM: 0G
[    0.001346]  gran_size: 256K 	chunk_size: 2M 	num_reg: 8  	lose cover RAM: 0G
[    0.001347]  gran_size: 256K 	chunk_size: 4M 	num_reg: 8  	lose cover RAM: 0G
[    0.001348]  gran_size: 256K 	chunk_size: 8M 	num_reg: 8  	lose cover RAM: 0G
[    0.001348]  gran_size: 256K 	chunk_size: 16M 	num_reg: 8  	lose cover RAM: 0G
[    0.001349]  gran_size: 256K 	chunk_size: 32M 	num_reg: 8  	lose cover RAM: 0G
[    0.001349]  gran_size: 256K 	chunk_size: 64M 	num_reg: 8  	lose cover RAM: 0G
[    0.001350]  gran_size: 256K 	chunk_size: 128M 	num_reg: 8  	lose cover RAM: 0G
[    0.001350]  gran_size: 256K 	chunk_size: 256M 	num_reg: 8  	lose cover RAM: 0G
[    0.001351]  gran_size: 256K 	chunk_size: 512M 	num_reg: 8  	lose cover RAM: 0G
[    0.001352]  gran_size: 256K 	chunk_size: 1G 	num_reg: 8  	lose cover RAM: 0G
[    0.001352]  gran_size: 256K 	chunk_size: 2G 	num_reg: 8  	lose cover RAM: 0G
[    0.001353]  gran_size: 512K 	chunk_size: 512K 	num_reg: 8  	lose cover RAM: 0G
[    0.001353]  gran_size: 512K 	chunk_size: 1M 	num_reg: 8  	lose cover RAM: 0G
[    0.001354]  gran_size: 512K 	chunk_size: 2M 	num_reg: 8  	lose cover RAM: 0G
[    0.001355]  gran_size: 512K 	chunk_size: 4M 	num_reg: 8  	lose cover RAM: 0G
[    0.001355]  gran_size: 512K 	chunk_size: 8M 	num_reg: 8  	lose cover RAM: 0G
[    0.001356]  gran_size: 512K 	chunk_size: 16M 	num_reg: 8  	lose cover RAM: 0G
[    0.001356]  gran_size: 512K 	chunk_size: 32M 	num_reg: 8  	lose cover RAM: 0G
[    0.001357]  gran_size: 512K 	chunk_size: 64M 	num_reg: 8  	lose cover RAM: 0G
[    0.001357]  gran_size: 512K 	chunk_size: 128M 	num_reg: 8  	lose cover RAM: 0G
[    0.001358]  gran_size: 512K 	chunk_size: 256M 	num_reg: 8  	lose cover RAM: 0G
[    0.001359]  gran_size: 512K 	chunk_size: 512M 	num_reg: 8  	lose cover RAM: 0G
[    0.001359]  gran_size: 512K 	chunk_size: 1G 	num_reg: 8  	lose cover RAM: 0G
[    0.001360]  gran_size: 512K 	chunk_size: 2G 	num_reg: 8  	lose cover RAM: 0G
[    0.001360]  gran_size: 1M 	chunk_size: 1M 	num_reg: 8  	lose cover RAM: 0G
[    0.001361]  gran_size: 1M 	chunk_size: 2M 	num_reg: 8  	lose cover RAM: 0G
[    0.001362]  gran_size: 1M 	chunk_size: 4M 	num_reg: 8  	lose cover RAM: 0G
[    0.001362]  gran_size: 1M 	chunk_size: 8M 	num_reg: 8  	lose cover RAM: 0G
[    0.001363]  gran_size: 1M 	chunk_size: 16M 	num_reg: 8  	lose cover RAM: 0G
[    0.001363]  gran_size: 1M 	chunk_size: 32M 	num_reg: 8  	lose cover RAM: 0G
[    0.001364]  gran_size: 1M 	chunk_size: 64M 	num_reg: 8  	lose cover RAM: 0G
[    0.001364]  gran_size: 1M 	chunk_size: 128M 	num_reg: 8  	lose cover RAM: 0G
[    0.001365]  gran_size: 1M 	chunk_size: 256M 	num_reg: 8  	lose cover RAM: 0G
[    0.001366]  gran_size: 1M 	chunk_size: 512M 	num_reg: 8  	lose cover RAM: 0G
[    0.001366]  gran_size: 1M 	chunk_size: 1G 	num_reg: 8  	lose cover RAM: 0G
[    0.001367]  gran_size: 1M 	chunk_size: 2G 	num_reg: 8  	lose cover RAM: 0G
[    0.001367]  gran_size: 2M 	chunk_size: 2M 	num_reg: 8  	lose cover RAM: 0G
[    0.001368]  gran_size: 2M 	chunk_size: 4M 	num_reg: 8  	lose cover RAM: 0G
[    0.001368]  gran_size: 2M 	chunk_size: 8M 	num_reg: 8  	lose cover RAM: 0G
[    0.001369]  gran_size: 2M 	chunk_size: 16M 	num_reg: 8  	lose cover RAM: 0G
[    0.001370]  gran_size: 2M 	chunk_size: 32M 	num_reg: 8  	lose cover RAM: 0G
[    0.001370]  gran_size: 2M 	chunk_size: 64M 	num_reg: 8  	lose cover RAM: 0G
[    0.001371]  gran_size: 2M 	chunk_size: 128M 	num_reg: 8  	lose cover RAM: 0G
[    0.001371]  gran_size: 2M 	chunk_size: 256M 	num_reg: 8  	lose cover RAM: 0G
[    0.001372]  gran_size: 2M 	chunk_size: 512M 	num_reg: 8  	lose cover RAM: 0G
[    0.001372]  gran_size: 2M 	chunk_size: 1G 	num_reg: 8  	lose cover RAM: 0G
[    0.001373]  gran_size: 2M 	chunk_size: 2G 	num_reg: 8  	lose cover RAM: 0G
[    0.001374]  gran_size: 4M 	chunk_size: 4M 	num_reg: 8  	lose cover RAM: 0G
[    0.001374]  gran_size: 4M 	chunk_size: 8M 	num_reg: 8  	lose cover RAM: 0G
[    0.001375]  gran_size: 4M 	chunk_size: 16M 	num_reg: 8  	lose cover RAM: 0G
[    0.001375]  gran_size: 4M 	chunk_size: 32M 	num_reg: 8  	lose cover RAM: 0G
[    0.001376]  gran_size: 4M 	chunk_size: 64M 	num_reg: 8  	lose cover RAM: 0G
[    0.001376]  gran_size: 4M 	chunk_size: 128M 	num_reg: 8  	lose cover RAM: 0G
[    0.001377]  gran_size: 4M 	chunk_size: 256M 	num_reg: 8  	lose cover RAM: 0G
[    0.001378]  gran_size: 4M 	chunk_size: 512M 	num_reg: 8  	lose cover RAM: 0G
[    0.001378]  gran_size: 4M 	chunk_size: 1G 	num_reg: 8  	lose cover RAM: 0G
[    0.001379]  gran_size: 4M 	chunk_size: 2G 	num_reg: 8  	lose cover RAM: 0G
[    0.001379]  gran_size: 8M 	chunk_size: 8M 	num_reg: 8  	lose cover RAM: 0G
[    0.001380]  gran_size: 8M 	chunk_size: 16M 	num_reg: 8  	lose cover RAM: 0G
[    0.001380]  gran_size: 8M 	chunk_size: 32M 	num_reg: 8  	lose cover RAM: 0G
[    0.001381]  gran_size: 8M 	chunk_size: 64M 	num_reg: 8  	lose cover RAM: 0G
[    0.001382]  gran_size: 8M 	chunk_size: 128M 	num_reg: 8  	lose cover RAM: 0G
[    0.001382]  gran_size: 8M 	chunk_size: 256M 	num_reg: 8  	lose cover RAM: 0G
[    0.001383]  gran_size: 8M 	chunk_size: 512M 	num_reg: 8  	lose cover RAM: 0G
[    0.001383]  gran_size: 8M 	chunk_size: 1G 	num_reg: 8  	lose cover RAM: 0G
[    0.001384]  gran_size: 8M 	chunk_size: 2G 	num_reg: 8  	lose cover RAM: 0G
[    0.001384]  gran_size: 16M 	chunk_size: 16M 	num_reg: 8  	lose cover RAM: 0G
[    0.001385]  gran_size: 16M 	chunk_size: 32M 	num_reg: 8  	lose cover RAM: 0G
[    0.001386]  gran_size: 16M 	chunk_size: 64M 	num_reg: 8  	lose cover RAM: 0G
[    0.001386]  gran_size: 16M 	chunk_size: 128M 	num_reg: 8  	lose cover RAM: 0G
[    0.001387]  gran_size: 16M 	chunk_size: 256M 	num_reg: 8  	lose cover RAM: 0G
[    0.001387]  gran_size: 16M 	chunk_size: 512M 	num_reg: 8  	lose cover RAM: 0G
[    0.001388]  gran_size: 16M 	chunk_size: 1G 	num_reg: 8  	lose cover RAM: 0G
[    0.001388]  gran_size: 16M 	chunk_size: 2G 	num_reg: 8  	lose cover RAM: 0G
[    0.001389]  gran_size: 32M 	chunk_size: 32M 	num_reg: 8  	lose cover RAM: 0G
[    0.001390]  gran_size: 32M 	chunk_size: 64M 	num_reg: 8  	lose cover RAM: 0G
[    0.001390]  gran_size: 32M 	chunk_size: 128M 	num_reg: 8  	lose cover RAM: 0G
[    0.001391]  gran_size: 32M 	chunk_size: 256M 	num_reg: 8  	lose cover RAM: 0G
[    0.001391]  gran_size: 32M 	chunk_size: 512M 	num_reg: 8  	lose cover RAM: 0G
[    0.001392]  gran_size: 32M 	chunk_size: 1G 	num_reg: 8  	lose cover RAM: 0G
[    0.001393]  gran_size: 32M 	chunk_size: 2G 	num_reg: 8  	lose cover RAM: 0G
[    0.001393]  gran_size: 64M 	chunk_size: 64M 	num_reg: 8  	lose cover RAM: 0G
[    0.001394]  gran_size: 64M 	chunk_size: 128M 	num_reg: 8  	lose cover RAM: 0G
[    0.001394]  gran_size: 64M 	chunk_size: 256M 	num_reg: 8  	lose cover RAM: 0G
[    0.001395]  gran_size: 64M 	chunk_size: 512M 	num_reg: 8  	lose cover RAM: 0G
[    0.001395]  gran_size: 64M 	chunk_size: 1G 	num_reg: 8  	lose cover RAM: 0G
[    0.001396]  gran_size: 64M 	chunk_size: 2G 	num_reg: 8  	lose cover RAM: 0G
[    0.001396]  gran_size: 128M 	chunk_size: 128M 	num_reg: 8  	lose cover RAM: 0G
[    0.001397]  gran_size: 128M 	chunk_size: 256M 	num_reg: 8  	lose cover RAM: 0G
[    0.001398]  gran_size: 128M 	chunk_size: 512M 	num_reg: 8  	lose cover RAM: 0G
[    0.001398]  gran_size: 128M 	chunk_size: 1G 	num_reg: 8  	lose cover RAM: 0G
[    0.001399]  gran_size: 128M 	chunk_size: 2G 	num_reg: 8  	lose cover RAM: 0G
[    0.001399]  gran_size: 256M 	chunk_size: 256M 	num_reg: 8  	lose cover RAM: 0G
[    0.001400]  gran_size: 256M 	chunk_size: 512M 	num_reg: 8  	lose cover RAM: 0G
[    0.001401]  gran_size: 256M 	chunk_size: 1G 	num_reg: 8  	lose cover RAM: 0G
[    0.001401]  gran_size: 256M 	chunk_size: 2G 	num_reg: 8  	lose cover RAM: 0G
[    0.001402]  gran_size: 512M 	chunk_size: 512M 	num_reg: 8  	lose cover RAM: 0G
[    0.001402]  gran_size: 512M 	chunk_size: 1G 	num_reg: 8  	lose cover RAM: 0G
[    0.001403]  gran_size: 512M 	chunk_size: 2G 	num_reg: 8  	lose cover RAM: 0G
[    0.001403]  gran_size: 1G 	chunk_size: 1G 	num_reg: 8  	lose cover RAM: 0G
[    0.001404]  gran_size: 1G 	chunk_size: 2G 	num_reg: 8  	lose cover RAM: 0G
[    0.001405]  gran_size: 2G 	chunk_size: 2G 	num_reg: 7  	lose cover RAM: 1G
[    0.001405] mtrr_cleanup: can not find optimal value
[    0.001406] please specify mtrr_gran_size/mtrr_chunk_size
[    0.001407] MTRR map: 8 entries (5 fixed + 3 variable; max 21), built from 8 variable MTRRs
[    0.001409] x86/PAT: Configuration [0-7]: WB  WC  UC- UC  WB  WP  UC- WT  
[    0.001453] e820: update [mem 0xc0000000-0xffffffff] usable ==> reserved
[    0.001458] last_pfn = 0xc0000 max_arch_pfn = 0x400000000
[    0.003093] found SMP MP-table at [mem 0x000f6a70-0x000f6a7f]
[    0.003105] Using GB pages for direct mapping
[    0.003256] RAMDISK: [mem 0x30075000-0x34031fff]
[    0.003561] ACPI: Early table checksum verification disabled
[    0.003564] ACPI: RSDP 0x00000000000F6A00 000024 (v02 PTLTD )
[    0.003568] ACPI: XSDT 0x00000000BFEDB633 00005C (v01 INTEL  440BX    06040000 VMW  01324272)
[    0.003572] ACPI: FACP 0x00000000BFEFEE73 0000F4 (v04 INTEL  440BX    06040000 PTL  000F4240)
[    0.003591] ACPI: DSDT 0x00000000BFEDD001 021E72 (v01 PTLTD  Custom   06040000 MSFT 03000001)
[    0.003607] ACPI: FACS 0x00000000BFEFFFC0 000040
[    0.003611] ACPI: FACS 0x00000000BFEFFFC0 000040
[    0.003613] ACPI: BOOT 0x00000000BFEDCFB4 000028 (v01 PTLTD  $SBFTBL$ 06040000  LTP 00000001)
[    0.003615] ACPI: APIC 0x00000000BFEDC872 000742 (v01 PTLTD  ? APIC   06040000  LTP 00000000)
[    0.003616] ACPI: MCFG 0x00000000BFEDC836 00003C (v01 PTLTD  $PCITBL$ 06040000  LTP 00000001)
[    0.003617] ACPI: SRAT 0x00000000BFEDB72F 0008D0 (v02 VMWARE MEMPLUG  06040000 VMW  00000001)
[    0.003619] ACPI: HPET 0x00000000BFEDB6F7 000038 (v01 VMWARE VMW HPET 06040000 VMW  00000001)
[    0.003620] ACPI: WAET 0x00000000BFEDB6CF 000028 (v01 VMWARE VMW WAET 06040000 VMW  00000001)
[    0.003621] ACPI: Reserving FACP table memory at [mem 0xbfefee73-0xbfefef66]
[    0.003622] ACPI: Reserving DSDT table memory at [mem 0xbfedd001-0xbfefee72]
[    0.003622] ACPI: Reserving FACS table memory at [mem 0xbfefffc0-0xbfefffff]
[    0.003623] ACPI: Reserving FACS table memory at [mem 0xbfefffc0-0xbfefffff]
[    0.003623] ACPI: Reserving BOOT table memory at [mem 0xbfedcfb4-0xbfedcfdb]
[    0.003624] ACPI: Reserving APIC table memory at [mem 0xbfedc872-0xbfedcfb3]
[    0.003624] ACPI: Reserving MCFG table memory at [mem 0xbfedc836-0xbfedc871]
[    0.003624] ACPI: Reserving SRAT table memory at [mem 0xbfedb72f-0xbfedbffe]
[    0.003625] ACPI: Reserving HPET table memory at [mem 0xbfedb6f7-0xbfedb72e]
[    0.003625] ACPI: Reserving WAET table memory at [mem 0xbfedb6cf-0xbfedb6f6]
[    0.003715] SRAT: PXM 0 -> APIC 0x00 -> Node 0
[    0.003717] SRAT: PXM 0 -> APIC 0x01 -> Node 0
[    0.003718] SRAT: PXM 0 -> APIC 0x02 -> Node 0
[    0.003719] SRAT: PXM 0 -> APIC 0x03 -> Node 0
[    0.003719] SRAT: PXM 0 -> APIC 0x04 -> Node 0
[    0.003719] SRAT: PXM 0 -> APIC 0x05 -> Node 0
[    0.003719] SRAT: PXM 0 -> APIC 0x06 -> Node 0
[    0.003720] SRAT: PXM 0 -> APIC 0x07 -> Node 0
[    0.003720] SRAT: PXM 0 -> APIC 0x08 -> Node 0
[    0.003720] SRAT: PXM 0 -> APIC 0x09 -> Node 0
[    0.003721] SRAT: PXM 0 -> APIC 0x0a -> Node 0
[    0.003721] SRAT: PXM 0 -> APIC 0x0b -> Node 0
[    0.003721] SRAT: PXM 0 -> APIC 0x0c -> Node 0
[    0.003722] SRAT: PXM 0 -> APIC 0x0d -> Node 0
[    0.003722] SRAT: PXM 0 -> APIC 0x0e -> Node 0
[    0.003722] SRAT: PXM 0 -> APIC 0x0f -> Node 0
[    0.003722] SRAT: PXM 0 -> APIC 0x10 -> Node 0
[    0.003723] SRAT: PXM 0 -> APIC 0x11 -> Node 0
[    0.003723] SRAT: PXM 0 -> APIC 0x12 -> Node 0
[    0.003724] SRAT: PXM 0 -> APIC 0x13 -> Node 0
[    0.003724] SRAT: PXM 0 -> APIC 0x14 -> Node 0
[    0.003724] SRAT: PXM 0 -> APIC 0x15 -> Node 0
[    0.003725] SRAT: PXM 0 -> APIC 0x16 -> Node 0
[    0.003725] SRAT: PXM 0 -> APIC 0x17 -> Node 0
[    0.003725] SRAT: PXM 0 -> APIC 0x18 -> Node 0
[    0.003725] SRAT: PXM 0 -> APIC 0x19 -> Node 0
[    0.003726] SRAT: PXM 0 -> APIC 0x1a -> Node 0
[    0.003726] SRAT: PXM 0 -> APIC 0x1b -> Node 0
[    0.003726] SRAT: PXM 0 -> APIC 0x1c -> Node 0
[    0.003727] SRAT: PXM 0 -> APIC 0x1d -> Node 0
[    0.003727] SRAT: PXM 0 -> APIC 0x1e -> Node 0
[    0.003727] SRAT: PXM 0 -> APIC 0x1f -> Node 0
[    0.003727] SRAT: PXM 0 -> APIC 0x20 -> Node 0
[    0.003728] SRAT: PXM 0 -> APIC 0x21 -> Node 0
[    0.003728] SRAT: PXM 0 -> APIC 0x22 -> Node 0
[    0.003728] SRAT: PXM 0 -> APIC 0x23 -> Node 0
[    0.003729] SRAT: PXM 0 -> APIC 0x24 -> Node 0
[    0.003729] SRAT: PXM 0 -> APIC 0x25 -> Node 0
[    0.003729] SRAT: PXM 0 -> APIC 0x26 -> Node 0
[    0.003730] SRAT: PXM 0 -> APIC 0x27 -> Node 0
[    0.003730] SRAT: PXM 0 -> APIC 0x28 -> Node 0
[    0.003730] SRAT: PXM 0 -> APIC 0x29 -> Node 0
[    0.003730] SRAT: PXM 0 -> APIC 0x2a -> Node 0
[    0.003731] SRAT: PXM 0 -> APIC 0x2b -> Node 0
[    0.003731] SRAT: PXM 0 -> APIC 0x2c -> Node 0
[    0.003731] SRAT: PXM 0 -> APIC 0x2d -> Node 0
[    0.003732] SRAT: PXM 0 -> APIC 0x2e -> Node 0
[    0.003732] SRAT: PXM 0 -> APIC 0x2f -> Node 0
[    0.003732] SRAT: PXM 0 -> APIC 0x30 -> Node 0
[    0.003732] SRAT: PXM 0 -> APIC 0x31 -> Node 0
[    0.003733] SRAT: PXM 0 -> APIC 0x32 -> Node 0
[    0.003733] SRAT: PXM 0 -> APIC 0x33 -> Node 0
[    0.003733] SRAT: PXM 0 -> APIC 0x34 -> Node 0
[    0.003734] SRAT: PXM 0 -> APIC 0x35 -> Node 0
[    0.003734] SRAT: PXM 0 -> APIC 0x36 -> Node 0
[    0.003734] SRAT: PXM 0 -> APIC 0x37 -> Node 0
[    0.003735] SRAT: PXM 0 -> APIC 0x38 -> Node 0
[    0.003735] SRAT: PXM 0 -> APIC 0x39 -> Node 0
[    0.003735] SRAT: PXM 0 -> APIC 0x3a -> Node 0
[    0.003735] SRAT: PXM 0 -> APIC 0x3b -> Node 0
[    0.003736] SRAT: PXM 0 -> APIC 0x3c -> Node 0
[    0.003736] SRAT: PXM 0 -> APIC 0x3d -> Node 0
[    0.003736] SRAT: PXM 0 -> APIC 0x3e -> Node 0
[    0.003737] SRAT: PXM 0 -> APIC 0x3f -> Node 0
[    0.003737] SRAT: PXM 0 -> APIC 0x40 -> Node 0
[    0.003737] SRAT: PXM 0 -> APIC 0x41 -> Node 0
[    0.003737] SRAT: PXM 0 -> APIC 0x42 -> Node 0
[    0.003738] SRAT: PXM 0 -> APIC 0x43 -> Node 0
[    0.003738] SRAT: PXM 0 -> APIC 0x44 -> Node 0
[    0.003738] SRAT: PXM 0 -> APIC 0x45 -> Node 0
[    0.003739] SRAT: PXM 0 -> APIC 0x46 -> Node 0
[    0.003739] SRAT: PXM 0 -> APIC 0x47 -> Node 0
[    0.003739] SRAT: PXM 0 -> APIC 0x48 -> Node 0
[    0.003740] SRAT: PXM 0 -> APIC 0x49 -> Node 0
[    0.003740] SRAT: PXM 0 -> APIC 0x4a -> Node 0
[    0.003740] SRAT: PXM 0 -> APIC 0x4b -> Node 0
[    0.003740] SRAT: PXM 0 -> APIC 0x4c -> Node 0
[    0.003741] SRAT: PXM 0 -> APIC 0x4d -> Node 0
[    0.003741] SRAT: PXM 0 -> APIC 0x4e -> Node 0
[    0.003741] SRAT: PXM 0 -> APIC 0x4f -> Node 0
[    0.003742] SRAT: PXM 0 -> APIC 0x50 -> Node 0
[    0.003742] SRAT: PXM 0 -> APIC 0x51 -> Node 0
[    0.003742] SRAT: PXM 0 -> APIC 0x52 -> Node 0
[    0.003742] SRAT: PXM 0 -> APIC 0x53 -> Node 0
[    0.003743] SRAT: PXM 0 -> APIC 0x54 -> Node 0
[    0.003743] SRAT: PXM 0 -> APIC 0x55 -> Node 0
[    0.003743] SRAT: PXM 0 -> APIC 0x56 -> Node 0
[    0.003744] SRAT: PXM 0 -> APIC 0x57 -> Node 0
[    0.003744] SRAT: PXM 0 -> APIC 0x58 -> Node 0
[    0.003744] SRAT: PXM 0 -> APIC 0x59 -> Node 0
[    0.003745] SRAT: PXM 0 -> APIC 0x5a -> Node 0
[    0.003745] SRAT: PXM 0 -> APIC 0x5b -> Node 0
[    0.003745] SRAT: PXM 0 -> APIC 0x5c -> Node 0
[    0.003745] SRAT: PXM 0 -> APIC 0x5d -> Node 0
[    0.003746] SRAT: PXM 0 -> APIC 0x5e -> Node 0
[    0.003746] SRAT: PXM 0 -> APIC 0x5f -> Node 0
[    0.003746] SRAT: PXM 0 -> APIC 0x60 -> Node 0
[    0.003747] SRAT: PXM 0 -> APIC 0x61 -> Node 0
[    0.003747] SRAT: PXM 0 -> APIC 0x62 -> Node 0
[    0.003747] SRAT: PXM 0 -> APIC 0x63 -> Node 0
[    0.003747] SRAT: PXM 0 -> APIC 0x64 -> Node 0
[    0.003748] SRAT: PXM 0 -> APIC 0x65 -> Node 0
[    0.003748] SRAT: PXM 0 -> APIC 0x66 -> Node 0
[    0.003748] SRAT: PXM 0 -> APIC 0x67 -> Node 0
[    0.003749] SRAT: PXM 0 -> APIC 0x68 -> Node 0
[    0.003749] SRAT: PXM 0 -> APIC 0x69 -> Node 0
[    0.003749] SRAT: PXM 0 -> APIC 0x6a -> Node 0
[    0.003750] SRAT: PXM 0 -> APIC 0x6b -> Node 0
[    0.003750] SRAT: PXM 0 -> APIC 0x6c -> Node 0
[    0.003750] SRAT: PXM 0 -> APIC 0x6d -> Node 0
[    0.003750] SRAT: PXM 0 -> APIC 0x6e -> Node 0
[    0.003751] SRAT: PXM 0 -> APIC 0x6f -> Node 0
[    0.003751] SRAT: PXM 0 -> APIC 0x70 -> Node 0
[    0.003751] SRAT: PXM 0 -> APIC 0x71 -> Node 0
[    0.003752] SRAT: PXM 0 -> APIC 0x72 -> Node 0
[    0.003752] SRAT: PXM 0 -> APIC 0x73 -> Node 0
[    0.003752] SRAT: PXM 0 -> APIC 0x74 -> Node 0
[    0.003752] SRAT: PXM 0 -> APIC 0x75 -> Node 0
[    0.003753] SRAT: PXM 0 -> APIC 0x76 -> Node 0
[    0.003753] SRAT: PXM 0 -> APIC 0x77 -> Node 0
[    0.003753] SRAT: PXM 0 -> APIC 0x78 -> Node 0
[    0.003754] SRAT: PXM 0 -> APIC 0x79 -> Node 0
[    0.003754] SRAT: PXM 0 -> APIC 0x7a -> Node 0
[    0.003754] SRAT: PXM 0 -> APIC 0x7b -> Node 0
[    0.003754] SRAT: PXM 0 -> APIC 0x7c -> Node 0
[    0.003755] SRAT: PXM 0 -> APIC 0x7d -> Node 0
[    0.003755] SRAT: PXM 0 -> APIC 0x7e -> Node 0
[    0.003755] SRAT: PXM 0 -> APIC 0x7f -> Node 0
[    0.003756] ACPI: SRAT: Node 0 PXM 0 [mem 0x00000000-0x0009ffff]
[    0.003758] ACPI: SRAT: Node 0 PXM 0 [mem 0x00100000-0xbfffffff]
[    0.003759] ACPI: SRAT: Node 0 PXM 0 [mem 0x100000000-0x23fffffff]
[    0.003759] ACPI: SRAT: Node 0 PXM 0 [mem 0x240000000-0x203fffffff] hotplug
[    0.003761] NUMA: Node 0 [mem 0x00000000-0x0009ffff] + [mem 0x00100000-0xbfffffff] -> [mem 0x00000000-0xbfffffff]
[    0.003762] NUMA: Node 0 [mem 0x00000000-0xbfffffff] + [mem 0x100000000-0x23fffffff] -> [mem 0x00000000-0x23fffffff]
[    0.003767] NODE_DATA(0) allocated [mem 0x23ffd5000-0x23fffffff]
[    0.004510] Zone ranges:
[    0.004512]   DMA      [mem 0x0000000000001000-0x0000000000ffffff]
[    0.004514]   DMA32    [mem 0x0000000001000000-0x00000000ffffffff]
[    0.004515]   Normal   [mem 0x0000000100000000-0x000000023fffffff]
[    0.004515]   Device   empty
[    0.004516] Movable zone start for each node
[    0.004517] Early memory node ranges
[    0.004517]   node   0: [mem 0x0000000000001000-0x000000000009dfff]
[    0.004518]   node   0: [mem 0x0000000000100000-0x00000000bfecffff]
[    0.004519]   node   0: [mem 0x00000000bff00000-0x00000000bfffffff]
[    0.004519]   node   0: [mem 0x0000000100000000-0x000000023fffffff]
[    0.004520] Initmem setup node 0 [mem 0x0000000000001000-0x000000023fffffff]
[    0.004570] On node 0, zone DMA: 1 pages in unavailable ranges
[    0.005339] On node 0, zone DMA: 98 pages in unavailable ranges
[    0.154215] On node 0, zone DMA32: 48 pages in unavailable ranges
[    0.424616] ACPI: PM-Timer IO Port: 0x1008
[    0.424636] ACPI: LAPIC_NMI (acpi_id[0x00] high edge lint[0x1])
[    0.424638] ACPI: LAPIC_NMI (acpi_id[0x01] high edge lint[0x1])
[    0.424639] ACPI: LAPIC_NMI (acpi_id[0x02] high edge lint[0x1])
[    0.424639] ACPI: LAPIC_NMI (acpi_id[0x03] high edge lint[0x1])
[    0.424640] ACPI: LAPIC_NMI (acpi_id[0x04] high edge lint[0x1])
[    0.424640] ACPI: LAPIC_NMI (acpi_id[0x05] high edge lint[0x1])
[    0.424640] ACPI: LAPIC_NMI (acpi_id[0x06] high edge lint[0x1])
[    0.424641] ACPI: LAPIC_NMI (acpi_id[0x07] high edge lint[0x1])
[    0.424641] ACPI: LAPIC_NMI (acpi_id[0x08] high edge lint[0x1])
[    0.424641] ACPI: LAPIC_NMI (acpi_id[0x09] high edge lint[0x1])
[    0.424642] ACPI: LAPIC_NMI (acpi_id[0x0a] high edge lint[0x1])
[    0.424642] ACPI: LAPIC_NMI (acpi_id[0x0b] high edge lint[0x1])
[    0.424642] ACPI: LAPIC_NMI (acpi_id[0x0c] high edge lint[0x1])
[    0.424643] ACPI: LAPIC_NMI (acpi_id[0x0d] high edge lint[0x1])
[    0.424643] ACPI: LAPIC_NMI (acpi_id[0x0e] high edge lint[0x1])
[    0.424643] ACPI: LAPIC_NMI (acpi_id[0x0f] high edge lint[0x1])
[    0.424644] ACPI: LAPIC_NMI (acpi_id[0x10] high edge lint[0x1])
[    0.424644] ACPI: LAPIC_NMI (acpi_id[0x11] high edge lint[0x1])
[    0.424644] ACPI: LAPIC_NMI (acpi_id[0x12] high edge lint[0x1])
[    0.424645] ACPI: LAPIC_NMI (acpi_id[0x13] high edge lint[0x1])
[    0.424645] ACPI: LAPIC_NMI (acpi_id[0x14] high edge lint[0x1])
[    0.424645] ACPI: LAPIC_NMI (acpi_id[0x15] high edge lint[0x1])
[    0.424646] ACPI: LAPIC_NMI (acpi_id[0x16] high edge lint[0x1])
[    0.424646] ACPI: LAPIC_NMI (acpi_id[0x17] high edge lint[0x1])
[    0.424646] ACPI: LAPIC_NMI (acpi_id[0x18] high edge lint[0x1])
[    0.424647] ACPI: LAPIC_NMI (acpi_id[0x19] high edge lint[0x1])
[    0.424647] ACPI: LAPIC_NMI (acpi_id[0x1a] high edge lint[0x1])
[    0.424647] ACPI: LAPIC_NMI (acpi_id[0x1b] high edge lint[0x1])
[    0.424648] ACPI: LAPIC_NMI (acpi_id[0x1c] high edge lint[0x1])
[    0.424648] ACPI: LAPIC_NMI (acpi_id[0x1d] high edge lint[0x1])
[    0.424648] ACPI: LAPIC_NMI (acpi_id[0x1e] high edge lint[0x1])
[    0.424649] ACPI: LAPIC_NMI (acpi_id[0x1f] high edge lint[0x1])
[    0.424649] ACPI: LAPIC_NMI (acpi_id[0x20] high edge lint[0x1])
[    0.424649] ACPI: LAPIC_NMI (acpi_id[0x21] high edge lint[0x1])
[    0.424650] ACPI: LAPIC_NMI (acpi_id[0x22] high edge lint[0x1])
[    0.424650] ACPI: LAPIC_NMI (acpi_id[0x23] high edge lint[0x1])
[    0.424650] ACPI: LAPIC_NMI (acpi_id[0x24] high edge lint[0x1])
[    0.424651] ACPI: LAPIC_NMI (acpi_id[0x25] high edge lint[0x1])
[    0.424651] ACPI: LAPIC_NMI (acpi_id[0x26] high edge lint[0x1])
[    0.424651] ACPI: LAPIC_NMI (acpi_id[0x27] high edge lint[0x1])
[    0.424652] ACPI: LAPIC_NMI (acpi_id[0x28] high edge lint[0x1])
[    0.424652] ACPI: LAPIC_NMI (acpi_id[0x29] high edge lint[0x1])
[    0.424652] ACPI: LAPIC_NMI (acpi_id[0x2a] high edge lint[0x1])
[    0.424653] ACPI: LAPIC_NMI (acpi_id[0x2b] high edge lint[0x1])
[    0.424653] ACPI: LAPIC_NMI (acpi_id[0x2c] high edge lint[0x1])
[    0.424653] ACPI: LAPIC_NMI (acpi_id[0x2d] high edge lint[0x1])
[    0.424654] ACPI: LAPIC_NMI (acpi_id[0x2e] high edge lint[0x1])
[    0.424654] ACPI: LAPIC_NMI (acpi_id[0x2f] high edge lint[0x1])
[    0.424654] ACPI: LAPIC_NMI (acpi_id[0x30] high edge lint[0x1])
[    0.424655] ACPI: LAPIC_NMI (acpi_id[0x31] high edge lint[0x1])
[    0.424655] ACPI: LAPIC_NMI (acpi_id[0x32] high edge lint[0x1])
[    0.424655] ACPI: LAPIC_NMI (acpi_id[0x33] high edge lint[0x1])
[    0.424656] ACPI: LAPIC_NMI (acpi_id[0x34] high edge lint[0x1])
[    0.424656] ACPI: LAPIC_NMI (acpi_id[0x35] high edge lint[0x1])
[    0.424656] ACPI: LAPIC_NMI (acpi_id[0x36] high edge lint[0x1])
[    0.424657] ACPI: LAPIC_NMI (acpi_id[0x37] high edge lint[0x1])
[    0.424657] ACPI: LAPIC_NMI (acpi_id[0x38] high edge lint[0x1])
[    0.424657] ACPI: LAPIC_NMI (acpi_id[0x39] high edge lint[0x1])
[    0.424658] ACPI: LAPIC_NMI (acpi_id[0x3a] high edge lint[0x1])
[    0.424658] ACPI: LAPIC_NMI (acpi_id[0x3b] high edge lint[0x1])
[    0.424658] ACPI: LAPIC_NMI (acpi_id[0x3c] high edge lint[0x1])
[    0.424659] ACPI: LAPIC_NMI (acpi_id[0x3d] high edge lint[0x1])
[    0.424659] ACPI: LAPIC_NMI (acpi_id[0x3e] high edge lint[0x1])
[    0.424659] ACPI: LAPIC_NMI (acpi_id[0x3f] high edge lint[0x1])
[    0.424660] ACPI: LAPIC_NMI (acpi_id[0x40] high edge lint[0x1])
[    0.424660] ACPI: LAPIC_NMI (acpi_id[0x41] high edge lint[0x1])
[    0.424660] ACPI: LAPIC_NMI (acpi_id[0x42] high edge lint[0x1])
[    0.424661] ACPI: LAPIC_NMI (acpi_id[0x43] high edge lint[0x1])
[    0.424661] ACPI: LAPIC_NMI (acpi_id[0x44] high edge lint[0x1])
[    0.424661] ACPI: LAPIC_NMI (acpi_id[0x45] high edge lint[0x1])
[    0.424662] ACPI: LAPIC_NMI (acpi_id[0x46] high edge lint[0x1])
[    0.424662] ACPI: LAPIC_NMI (acpi_id[0x47] high edge lint[0x1])
[    0.424662] ACPI: LAPIC_NMI (acpi_id[0x48] high edge lint[0x1])
[    0.424663] ACPI: LAPIC_NMI (acpi_id[0x49] high edge lint[0x1])
[    0.424663] ACPI: LAPIC_NMI (acpi_id[0x4a] high edge lint[0x1])
[    0.424663] ACPI: LAPIC_NMI (acpi_id[0x4b] high edge lint[0x1])
[    0.424664] ACPI: LAPIC_NMI (acpi_id[0x4c] high edge lint[0x1])
[    0.424664] ACPI: LAPIC_NMI (acpi_id[0x4d] high edge lint[0x1])
[    0.424664] ACPI: LAPIC_NMI (acpi_id[0x4e] high edge lint[0x1])
[    0.424665] ACPI: LAPIC_NMI (acpi_id[0x4f] high edge lint[0x1])
[    0.424665] ACPI: LAPIC_NMI (acpi_id[0x50] high edge lint[0x1])
[    0.424665] ACPI: LAPIC_NMI (acpi_id[0x51] high edge lint[0x1])
[    0.424666] ACPI: LAPIC_NMI (acpi_id[0x52] high edge lint[0x1])
[    0.424666] ACPI: LAPIC_NMI (acpi_id[0x53] high edge lint[0x1])
[    0.424666] ACPI: LAPIC_NMI (acpi_id[0x54] high edge lint[0x1])
[    0.424667] ACPI: LAPIC_NMI (acpi_id[0x55] high edge lint[0x1])
[    0.424667] ACPI: LAPIC_NMI (acpi_id[0x56] high edge lint[0x1])
[    0.424667] ACPI: LAPIC_NMI (acpi_id[0x57] high edge lint[0x1])
[    0.424668] ACPI: LAPIC_NMI (acpi_id[0x58] high edge lint[0x1])
[    0.424668] ACPI: LAPIC_NMI (acpi_id[0x59] high edge lint[0x1])
[    0.424668] ACPI: LAPIC_NMI (acpi_id[0x5a] high edge lint[0x1])
[    0.424669] ACPI: LAPIC_NMI (acpi_id[0x5b] high edge lint[0x1])
[    0.424669] ACPI: LAPIC_NMI (acpi_id[0x5c] high edge lint[0x1])
[    0.424669] ACPI: LAPIC_NMI (acpi_id[0x5d] high edge lint[0x1])
[    0.424670] ACPI: LAPIC_NMI (acpi_id[0x5e] high edge lint[0x1])
[    0.424670] ACPI: LAPIC_NMI (acpi_id[0x5f] high edge lint[0x1])
[    0.424670] ACPI: LAPIC_NMI (acpi_id[0x60] high edge lint[0x1])
[    0.424671] ACPI: LAPIC_NMI (acpi_id[0x61] high edge lint[0x1])
[    0.424671] ACPI: LAPIC_NMI (acpi_id[0x62] high edge lint[0x1])
[    0.424671] ACPI: LAPIC_NMI (acpi_id[0x63] high edge lint[0x1])
[    0.424672] ACPI: LAPIC_NMI (acpi_id[0x64] high edge lint[0x1])
[    0.424672] ACPI: LAPIC_NMI (acpi_id[0x65] high edge lint[0x1])
[    0.424672] ACPI: LAPIC_NMI (acpi_id[0x66] high edge lint[0x1])
[    0.424673] ACPI: LAPIC_NMI (acpi_id[0x67] high edge lint[0x1])
[    0.424673] ACPI: LAPIC_NMI (acpi_id[0x68] high edge lint[0x1])
[    0.424673] ACPI: LAPIC_NMI (acpi_id[0x69] high edge lint[0x1])
[    0.424674] ACPI: LAPIC_NMI (acpi_id[0x6a] high edge lint[0x1])
[    0.424674] ACPI: LAPIC_NMI (acpi_id[0x6b] high edge lint[0x1])
[    0.424674] ACPI: LAPIC_NMI (acpi_id[0x6c] high edge lint[0x1])
[    0.424675] ACPI: LAPIC_NMI (acpi_id[0x6d] high edge lint[0x1])
[    0.424675] ACPI: LAPIC_NMI (acpi_id[0x6e] high edge lint[0x1])
[    0.424675] ACPI: LAPIC_NMI (acpi_id[0x6f] high edge lint[0x1])
[    0.424676] ACPI: LAPIC_NMI (acpi_id[0x70] high edge lint[0x1])
[    0.424676] ACPI: LAPIC_NMI (acpi_id[0x71] high edge lint[0x1])
[    0.424676] ACPI: LAPIC_NMI (acpi_id[0x72] high edge lint[0x1])
[    0.424677] ACPI: LAPIC_NMI (acpi_id[0x73] high edge lint[0x1])
[    0.424677] ACPI: LAPIC_NMI (acpi_id[0x74] high edge lint[0x1])
[    0.424677] ACPI: LAPIC_NMI (acpi_id[0x75] high edge lint[0x1])
[    0.424678] ACPI: LAPIC_NMI (acpi_id[0x76] high edge lint[0x1])
[    0.424678] ACPI: LAPIC_NMI (acpi_id[0x77] high edge lint[0x1])
[    0.424678] ACPI: LAPIC_NMI (acpi_id[0x78] high edge lint[0x1])
[    0.424679] ACPI: LAPIC_NMI (acpi_id[0x79] high edge lint[0x1])
[    0.424679] ACPI: LAPIC_NMI (acpi_id[0x7a] high edge lint[0x1])
[    0.424679] ACPI: LAPIC_NMI (acpi_id[0x7b] high edge lint[0x1])
[    0.424680] ACPI: LAPIC_NMI (acpi_id[0x7c] high edge lint[0x1])
[    0.424680] ACPI: LAPIC_NMI (acpi_id[0x7d] high edge lint[0x1])
[    0.424680] ACPI: LAPIC_NMI (acpi_id[0x7e] high edge lint[0x1])
[    0.424681] ACPI: LAPIC_NMI (acpi_id[0x7f] high edge lint[0x1])
[    0.424786] IOAPIC[0]: apic_id 128, version 32, address 0xfec00000, GSI 0-23
[    0.424790] ACPI: INT_SRC_OVR (bus 0 bus_irq 0 global_irq 2 high edge)
[    0.424795] ACPI: Using ACPI (MADT) for SMP configuration information
[    0.424796] ACPI: HPET id: 0x8086af01 base: 0xfed00000
[    0.424802] CPU topo: Max. logical packages:  64
[    0.424803] CPU topo: Max. logical dies:      64
[    0.424804] CPU topo: Max. dies per package:   1
[    0.424806] CPU topo: Max. threads per core:   1
[    0.424806] CPU topo: Num. cores per package:     2
[    0.424806] CPU topo: Num. threads per package:   2
[    0.424807] CPU topo: Allowing 4 present CPUs plus 124 hotplug CPUs
[    0.424859] PM: hibernation: Registered nosave memory: [mem 0x00000000-0x00000fff]
[    0.424861] PM: hibernation: Registered nosave memory: [mem 0x0009e000-0x0009efff]
[    0.424862] PM: hibernation: Registered nosave memory: [mem 0x0009f000-0x0009ffff]
[    0.424862] PM: hibernation: Registered nosave memory: [mem 0x000a0000-0x000dbfff]
[    0.424862] PM: hibernation: Registered nosave memory: [mem 0x000dc000-0x000fffff]
[    0.424863] PM: hibernation: Registered nosave memory: [mem 0xbfed0000-0xbfefefff]
[    0.424863] PM: hibernation: Registered nosave memory: [mem 0xbfeff000-0xbfefffff]
[    0.424864] PM: hibernation: Registered nosave memory: [mem 0xc0000000-0xefffffff]
[    0.424864] PM: hibernation: Registered nosave memory: [mem 0xf0000000-0xf7ffffff]
[    0.424865] PM: hibernation: Registered nosave memory: [mem 0xf8000000-0xfebfffff]
[    0.424865] PM: hibernation: Registered nosave memory: [mem 0xfec00000-0xfec0ffff]
[    0.424865] PM: hibernation: Registered nosave memory: [mem 0xfec10000-0xfedfffff]
[    0.424866] PM: hibernation: Registered nosave memory: [mem 0xfee00000-0xfee00fff]
[    0.424866] PM: hibernation: Registered nosave memory: [mem 0xfee01000-0xfffdffff]
[    0.424866] PM: hibernation: Registered nosave memory: [mem 0xfffe0000-0xffffffff]
[    0.424867] [mem 0xc0000000-0xefffffff] available for PCI devices
[    0.424869] Booting paravirtualized kernel on VMware hypervisor
[    0.424871] clocksource: refined-jiffies: mask: 0xffffffff max_cycles: 0xffffffff, max_idle_ns: 1910969940391419 ns
[    0.424876] setup_percpu: NR_CPUS:8192 nr_cpumask_bits:128 nr_cpu_ids:128 nr_node_ids:1
[    0.632270] percpu: Embedded 88 pages/cpu s237568 r8192 d114688 u524288
[    0.632296] pcpu-alloc: s237568 r8192 d114688 u524288 alloc=1*2097152
[    0.632299] pcpu-alloc: [0] 000 001 002 003 [0] 004 005 006 007 
[    0.632303] pcpu-alloc: [0] 008 009 010 011 [0] 012 013 014 015 
[    0.632305] pcpu-alloc: [0] 016 017 018 019 [0] 020 021 022 023 
[    0.632307] pcpu-alloc: [0] 024 025 026 027 [0] 028 029 030 031 
[    0.632309] pcpu-alloc: [0] 032 033 034 035 [0] 036 037 038 039 
[    0.632311] pcpu-alloc: [0] 040 041 042 043 [0] 044 045 046 047 
[    0.632313] pcpu-alloc: [0] 048 049 050 051 [0] 052 053 054 055 
[    0.632315] pcpu-alloc: [0] 056 057 058 059 [0] 060 061 062 063 
[    0.632318] pcpu-alloc: [0] 064 065 066 067 [0] 068 069 070 071 
[    0.632320] pcpu-alloc: [0] 072 073 074 075 [0] 076 077 078 079 
[    0.632322] pcpu-alloc: [0] 080 081 082 083 [0] 084 085 086 087 
[    0.632324] pcpu-alloc: [0] 088 089 090 091 [0] 092 093 094 095 
[    0.632326] pcpu-alloc: [0] 096 097 098 099 [0] 100 101 102 103 
[    0.632328] pcpu-alloc: [0] 104 105 106 107 [0] 108 109 110 111 
[    0.632330] pcpu-alloc: [0] 112 113 114 115 [0] 116 117 118 119 
[    0.632332] pcpu-alloc: [0] 120 121 122 123 [0] 124 125 126 127 
[    0.632378] Kernel command line: BOOT_IMAGE=/boot/vmlinuz-6.11.0-17-generic root=UUID=558bb015-4f91-4714-857e-c8337a8f2fc7 ro quiet splash
[    0.632420] Unknown kernel command line parameters "splash BOOT_IMAGE=/boot/vmlinuz-6.11.0-17-generic", will be passed to user space.
[    0.632619] random: crng init done
[    0.632621] printk: log_buf_len individual max cpu contribution: 4096 bytes
[    0.632622] printk: log_buf_len total cpu_extra contributions: 520192 bytes
[    0.632623] printk: log_buf_len min size: 262144 bytes
[    0.646992] printk: log_buf_len: 1048576 bytes
[    0.646993] printk: early log buf free: 227304(86%)
[    0.671941] Dentry cache hash table entries: 1048576 (order: 11, 8388608 bytes, linear)
[    0.684667] Inode-cache hash table entries: 524288 (order: 10, 4194304 bytes, linear)
[    0.685449] Fallback order for Node 0: 0 
[    0.685462] Built 1 zonelists, mobility grouping on.  Total pages: 2097005
[    0.685464] Policy zone: Normal
[    0.685471] mem auto-init: stack:all(zero), heap alloc:on, heap free:off
[    0.685477] software IO TLB: area num 128.
[    0.797715] SLUB: HWalign=64, Order=0-3, MinObjects=0, CPUs=128, Nodes=1
[    0.801176] ftrace: allocating 59199 entries in 232 pages
[    0.812989] ftrace: allocated 232 pages with 4 groups
[    0.815202] Dynamic Preempt: voluntary
[    0.817937] rcu: Preemptible hierarchical RCU implementation.
[    0.817938] rcu: 	RCU restricting CPUs from NR_CPUS=8192 to nr_cpu_ids=128.
[    0.817940] 	Trampoline variant of Tasks RCU enabled.
[    0.817940] 	Rude variant of Tasks RCU enabled.
[    0.817941] 	Tracing variant of Tasks RCU enabled.
[    0.817941] rcu: RCU calculated value of scheduler-enlistment delay is 100 jiffies.
[    0.817942] rcu: Adjusting geometry for rcu_fanout_leaf=16, nr_cpu_ids=128
[    0.818447] RCU Tasks: Setting shift to 7 and lim to 1 rcu_task_cb_adjust=1 rcu_task_cpu_ids=128.
[    0.818452] RCU Tasks Rude: Setting shift to 7 and lim to 1 rcu_task_cb_adjust=1 rcu_task_cpu_ids=128.
[    0.818456] RCU Tasks Trace: Setting shift to 7 and lim to 1 rcu_task_cb_adjust=1 rcu_task_cpu_ids=128.
[    0.821859] NR_IRQS: 524544, nr_irqs: 1448, preallocated irqs: 16
[    0.822421] rcu: srcu_init: Setting srcu_struct sizes to big.
[    0.843437] Console: colour VGA+ 80x25
[    0.843443] printk: legacy console [tty0] enabled
[    0.843594] ACPI: Core revision 20240322
[    0.844762] clocksource: hpet: mask: 0xffffffff max_cycles: 0xffffffff, max_idle_ns: 133484882848 ns
[    0.845065] APIC: Switch to symmetric I/O mode setup
[    0.845621] x2apic enabled
[    0.846107] APIC: Switched APIC routing to: physical x2apic
[    0.848724] ..TIMER: vector=0x30 apic1=0 pin1=2 apic2=-1 pin2=-1
[    0.848790] clocksource: tsc-early: mask: 0xffffffffffffffff max_cycles: 0x439e73586a4, max_idle_ns: 440795252030 ns
[    0.848797] Calibrating delay loop (skipped) preset value.. 9382.12 BogoMIPS (lpj=4691064)
[    0.850270] x86/cpu: User Mode Instruction Prevention (UMIP) activated
[    0.850567] unchecked MSR access error: RDMSR from 0x852 at rIP: 0xffffffff8f0cda67 (native_read_msr+0x7/0x50)
[    0.850575] Call Trace:
[    0.850577]  <TASK>
[    0.850579]  ? show_stack_regs+0x22/0x30
[    0.850582]  ? ex_handler_msr+0x175/0x180
[    0.850584]  ? fixup_exception+0x17e/0x400
[    0.850586]  ? gp_try_fixup_and_notify+0x23/0xe0
[    0.850588]  ? exc_general_protection+0x155/0x400
[    0.850592]  ? asm_exc_general_protection+0x27/0x30
[    0.850595]  ? native_read_msr+0x7/0x50
[    0.850597]  native_apic_msr_read+0x1b/0x60
[    0.850599]  setup_APIC_eilvt+0x46/0x200
[    0.850601]  mce_amd_feature_init+0x2e0/0x380
[    0.850604]  __mcheck_cpu_init_vendor+0x4e/0xd0
[    0.850605]  mcheck_cpu_init+0x132/0x2d0
[    0.850607]  identify_cpu+0x32f/0x5e0
[    0.850608]  identify_boot_cpu+0x10/0xd0
[    0.850611]  arch_cpu_finalize_init+0x19/0xe0
[    0.850613]  start_kernel+0x349/0x510
[    0.850615]  x86_64_start_reservations+0x18/0x30
[    0.850618]  x86_64_start_kernel+0xbf/0x110
[    0.850619]  common_startup_64+0x13e/0x141
[    0.850621]  </TASK>
[    0.850622] LVT offset 2 assigned for vector 0xf4
[    0.850623] [Firmware Bug]: cpu 0, try to use APIC520 (LVT offset 2) for vector 0xf4, but the register is already in use for vector 0x0 on this cpu
[    0.850643] Last level iTLB entries: 4KB 512, 2MB 512, 4MB 256
[    0.850645] Last level dTLB entries: 4KB 3072, 2MB 3072, 4MB 1536, 1GB 0
[    0.850649] Spectre V1 : Mitigation: usercopy/swapgs barriers and __user pointer sanitization
[    0.850651] Spectre V2 : Mitigation: Retpolines
[    0.850651] Spectre V2 : Spectre v2 / SpectreRSB mitigation: Filling RSB on context switch
[    0.850652] Spectre V2 : Spectre v2 / SpectreRSB : Filling RSB on VMEXIT
[    0.850653] Spectre V2 : mitigation: Enabling conditional Indirect Branch Prediction Barrier
[    0.850654] Speculative Store Bypass: Vulnerable
[    0.850655] Speculative Return Stack Overflow: IBPB-extending microcode not applied!
[    0.850656] Speculative Return Stack Overflow: WARNING: See https://kernel.org/doc/html/latest/admin-guide/hw-vuln/srso.html for mitigation options.
[    0.850656] Speculative Return Stack Overflow: Vulnerable: Safe RET, no microcode
[    0.850857] x86/fpu: Supporting XSAVE feature 0x001: 'x87 floating point registers'
[    0.850860] x86/fpu: Supporting XSAVE feature 0x002: 'SSE registers'
[    0.850860] x86/fpu: Supporting XSAVE feature 0x004: 'AVX registers'
[    0.850861] x86/fpu: Supporting XSAVE feature 0x020: 'AVX-512 opmask'
[    0.850861] x86/fpu: Supporting XSAVE feature 0x040: 'AVX-512 Hi256'
[    0.850862] x86/fpu: Supporting XSAVE feature 0x080: 'AVX-512 ZMM_Hi256'
[    0.850863] x86/fpu: xstate_offset[2]:  576, xstate_sizes[2]:  256
[    0.850864] x86/fpu: xstate_offset[5]:  832, xstate_sizes[5]:   64
[    0.850864] x86/fpu: xstate_offset[6]:  896, xstate_sizes[6]:  512
[    0.850865] x86/fpu: xstate_offset[7]: 1408, xstate_sizes[7]: 1024
[    0.850865] x86/fpu: Enabled xstate features 0xe7, context size is 2432 bytes, using 'compacted' format.
[    0.873996] Freeing SMP alternatives memory: 48K
[    0.874001] pid_max: default: 131072 minimum: 1024
[    0.874137] LSM: initializing lsm=lockdown,capability,landlock,yama,apparmor,ima,evm
[    0.874210] landlock: Up and running.
[    0.874212] Yama: becoming mindful.
[    0.874438] AppArmor: AppArmor initialized
[    0.875066] Mount-cache hash table entries: 16384 (order: 5, 131072 bytes, linear)
[    0.875462] Mountpoint-cache hash table entries: 16384 (order: 5, 131072 bytes, linear)
[    0.879069] smpboot: CPU0: AMD Ryzen 5 7600X 6-Core Processor (family: 0x19, model: 0x61, stepping: 0x2)
[    0.882555] Performance Events: AMD PMU driver.
[    0.882648] ... version:                0
[    0.882656] ... bit width:              48
[    0.882664] ... generic registers:      4
[    0.882672] ... value mask:             0000ffffffffffff
[    0.882680] ... max period:             00007fffffffffff
[    0.882688] ... fixed-purpose events:   0
[    0.882696] ... event mask:             000000000000000f
[    0.883077] signal: max sigframe size: 3376
[    0.883596] rcu: Hierarchical SRCU implementation.
[    0.883604] rcu: 	Max phase no-delay instances is 400.
[    0.884522] Timer migration: 3 hierarchy levels; 8 children per group; 3 crossnode level
[    0.888558] NMI watchdog: Enabled. Permanently consumes one hw-PMU counter.
[    0.909465] smp: Bringing up secondary CPUs ...
[    0.911519] smpboot: x86: Booting SMP configuration:
[    0.911527] .... node  #0, CPUs:          #1   #2   #3
[    0.025110] [Firmware Bug]: cpu 1, try to use APIC520 (LVT offset 2) for vector 0xf4, but the register is already in use for vector 0x0 on this cpu
[    0.025110] [Firmware Bug]: cpu 2, try to use APIC520 (LVT offset 2) for vector 0xf4, but the register is already in use for vector 0x0 on this cpu
[    0.025110] [Firmware Bug]: cpu 3, try to use APIC520 (LVT offset 2) for vector 0xf4, but the register is already in use for vector 0x0 on this cpu
[    0.922886] smp: Brought up 1 node, 4 CPUs
[    0.922896] smpboot: Total of 4 processors activated (37528.51 BogoMIPS)
[    0.925338] Memory: 7993144K/8388020K available (22528K kernel code, 4518K rwdata, 14876K rodata, 5096K init, 4528K bss, 379708K reserved, 0K cma-reserved)
[    0.926806] devtmpfs: initialized
[    0.927250] x86/mm: Memory block size: 128MB
[    0.930836] ACPI: PM: Registering ACPI NVS region [mem 0xbfeff000-0xbfefffff] (4096 bytes)
[    0.931209] clocksource: jiffies: mask: 0xffffffff max_cycles: 0xffffffff, max_idle_ns: 1911260446275000 ns
[    0.937423] futex hash table entries: 32768 (order: 9, 2097152 bytes, linear)
[    0.938290] pinctrl core: initialized pinctrl subsystem
[    0.938510] PM: RTC time: 01:42:52, date: 2025-05-11
[    0.946324] NET: Registered PF_NETLINK/PF_ROUTE protocol family
[    0.949744] DMA: preallocated 1024 KiB GFP_KERNEL pool for atomic allocations
[    0.949830] DMA: preallocated 1024 KiB GFP_KERNEL|GFP_DMA pool for atomic allocations
[    0.949877] DMA: preallocated 1024 KiB GFP_KERNEL|GFP_DMA32 pool for atomic allocations
[    0.949903] audit: initializing netlink subsys (disabled)
[    0.949925] audit: type=2000 audit(1746927772.103:1): state=initialized audit_enabled=0 res=1
[    0.950229] thermal_sys: Registered thermal governor 'fair_share'
[    0.950231] thermal_sys: Registered thermal governor 'bang_bang'
[    0.950232] thermal_sys: Registered thermal governor 'step_wise'
[    0.950233] thermal_sys: Registered thermal governor 'user_space'
[    0.950234] thermal_sys: Registered thermal governor 'power_allocator'
[    0.950257] EISA bus registered
[    0.950849] cpuidle: using governor ladder
[    0.950849] cpuidle: using governor menu
[    0.951850] Simple Boot Flag at 0x36 set to 0x80
[    0.951880] acpiphp: ACPI Hot Plug PCI Controller Driver version: 0.5
[    0.952558] PCI: ECAM [mem 0xf0000000-0xf7ffffff] (base 0xf0000000) for domain 0000 [bus 00-7f]
[    0.952572] PCI: Using configuration type 1 for base access
[    0.953899] kprobes: kprobe jump-optimization is enabled. All kprobes are optimized if possible.
[    0.959903] HugeTLB: registered 1.00 GiB page size, pre-allocated 0 pages
[    0.959905] HugeTLB: 16380 KiB vmemmap can be freed for a 1.00 GiB page
[    0.959907] HugeTLB: registered 2.00 MiB page size, pre-allocated 0 pages
[    0.959908] HugeTLB: 28 KiB vmemmap can be freed for a 2.00 MiB page
[    0.963662] ACPI: Added _OSI(Module Device)
[    0.963664] ACPI: Added _OSI(Processor Device)
[    0.963665] ACPI: Added _OSI(3.0 _SCP Extensions)
[    0.963666] ACPI: Added _OSI(Processor Aggregator Device)
[    1.002135] ACPI: 1 ACPI AML tables successfully acquired and loaded
[    1.006463] ACPI: [Firmware Bug]: BIOS _OSI(Linux) query ignored
[    1.039954] ACPI: Interpreter enabled
[    1.039986] ACPI: PM: (supports S0 S1 S4 S5)
[    1.039988] ACPI: Using IOAPIC for interrupt routing
[    1.044108] PCI: Using host bridge windows from ACPI; if necessary, use "pci=nocrs" and report a bug
[    1.044110] PCI: Using E820 reservations for host bridge windows
[    1.046384] ACPI: Enabled 4 GPEs in block 00 to 0F
[    1.400002] ACPI: PCI Root Bridge [PCI0] (domain 0000 [bus 00-7f])
[    1.400012] acpi PNP0A03:00: _OSC: OS supports [ExtendedConfig ASPM ClockPM Segments MSI EDR HPX-Type3]
[    1.400166] acpi PNP0A03:00: _OSC: platform does not support [AER LTR DPC]
[    1.400463] acpi PNP0A03:00: _OSC: OS now controls [PCIeHotplug SHPCHotplug PME PCIeCapability]
[    1.404339] PCI host bridge to bus 0000:00
[    1.404344] pci_bus 0000:00: root bus resource [mem 0x000a0000-0x000bffff window]
[    1.404347] pci_bus 0000:00: root bus resource [mem 0x000d0000-0x000dbfff window]
[    1.404349] pci_bus 0000:00: root bus resource [mem 0xc0000000-0xfebfffff window]
[    1.404350] pci_bus 0000:00: root bus resource [io  0x0000-0x0cf7 window]
[    1.404352] pci_bus 0000:00: root bus resource [io  0x0d00-0xfeff window]
[    1.404353] pci_bus 0000:00: root bus resource [bus 00-7f]
[    1.404594] pci 0000:00:00.0: [8086:7190] type 00 class 0x060000 conventional PCI endpoint
[    1.405656] pci 0000:00:01.0: [8086:7191] type 01 class 0x060400 conventional PCI bridge
[    1.406077] pci 0000:00:01.0: PCI bridge to [bus 01]
[    1.416355] pci 0000:00:07.0: [8086:7110] type 00 class 0x060100 conventional PCI endpoint
[    1.417586] pci 0000:00:07.1: [8086:7111] type 00 class 0x01018a conventional PCI endpoint
[    1.418591] pci 0000:00:07.1: BAR 4 [io  0x1060-0x106f]
[    1.419005] pci 0000:00:07.1: BAR 0 [io  0x01f0-0x01f7]: legacy IDE quirk
[    1.419007] pci 0000:00:07.1: BAR 1 [io  0x03f6]: legacy IDE quirk
[    1.419009] pci 0000:00:07.1: BAR 2 [io  0x0170-0x0177]: legacy IDE quirk
[    1.419010] pci 0000:00:07.1: BAR 3 [io  0x0376]: legacy IDE quirk
[    1.419310] pci 0000:00:07.3: [8086:7113] type 00 class 0x068000 conventional PCI endpoint
[    1.420728] pci 0000:00:07.3: quirk: [io  0x1000-0x103f] claimed by PIIX4 ACPI
[    1.420813] pci 0000:00:07.3: quirk: [io  0x1040-0x104f] claimed by PIIX4 SMB
[    1.421508] pci 0000:00:07.7: [15ad:0740] type 00 class 0x088000 conventional PCI endpoint
[    1.421885] pci 0000:00:07.7: BAR 0 [io  0x1080-0x10bf]
[    1.422150] pci 0000:00:07.7: BAR 1 [mem 0xfebc0000-0xfebfffff 64bit]
[    1.437676] pci 0000:00:0f.0: [15ad:0405] type 00 class 0x030000 conventional PCI endpoint
[    1.438339] pci 0000:00:0f.0: BAR 0 [io  0x1070-0x107f]
[    1.438797] pci 0000:00:0f.0: BAR 1 [mem 0xe8000000-0xefffffff pref]
[    1.439314] pci 0000:00:0f.0: BAR 2 [mem 0xfe000000-0xfe7fffff]
[    1.441796] pci 0000:00:0f.0: ROM [mem 0x00000000-0x00007fff pref]
[    1.441878] pci 0000:00:0f.0: Video device with shadowed ROM at [mem 0x000c0000-0x000dffff]
[    1.442455] pci 0000:00:10.0: [1000:0030] type 00 class 0x010000 conventional PCI endpoint
[    1.442795] pci 0000:00:10.0: BAR 0 [io  0x1400-0x14ff]
[    1.443075] pci 0000:00:10.0: BAR 1 [mem 0xfeb80000-0xfeb9ffff 64bit]
[    1.443349] pci 0000:00:10.0: BAR 3 [mem 0xfeba0000-0xfebbffff 64bit]
[    1.443901] pci 0000:00:10.0: ROM [mem 0x00000000-0x00003fff pref]
[    1.444595] pci 0000:00:11.0: [15ad:0790] type 01 class 0x060401 conventional PCI bridge
[    1.444595] pci 0000:00:11.0: PCI bridge to [bus 02] (subtractive decode)
[    1.444595] pci 0000:00:11.0:   bridge window [io  0x2000-0x3fff]
[    1.444595] pci 0000:00:11.0:   bridge window [mem 0xfd500000-0xfdffffff]
[    1.444595] pci 0000:00:11.0:   bridge window [mem 0xe7b00000-0xe7ffffff 64bit pref]
[    1.451974] pci 0000:00:15.0: [15ad:07a0] type 01 class 0x060400 PCIe Root Port
[    1.452359] pci 0000:00:15.0: PCI bridge to [bus 03]
[    1.452422] pci 0000:00:15.0:   bridge window [mem 0xfd400000-0xfd4fffff]
[    1.452422] pci 0000:00:15.0: PME# supported from D0 D3hot D3cold
[    1.454094] pci 0000:00:15.1: [15ad:07a0] type 01 class 0x060400 PCIe Root Port
[    1.454542] pci 0000:00:15.1: PCI bridge to [bus 04]
[    1.454576] pci 0000:00:15.1:   bridge window [io  0x7000-0x7fff]
[    1.454607] pci 0000:00:15.1:   bridge window [mem 0xfd000000-0xfd0fffff]
[    1.454756] pci 0000:00:15.1:   bridge window [mem 0xe7700000-0xe77fffff 64bit pref]
[    1.455515] pci 0000:00:15.1: PME# supported from D0 D3hot D3cold
[    1.456216] pci 0000:00:15.2: [15ad:07a0] type 01 class 0x060400 PCIe Root Port
[    1.456604] pci 0000:00:15.2: PCI bridge to [bus 05]
[    1.456638] pci 0000:00:15.2:   bridge window [io  0xb000-0xbfff]
[    1.456669] pci 0000:00:15.2:   bridge window [mem 0xfcc00000-0xfccfffff]
[    1.456669] pci 0000:00:15.2:   bridge window [mem 0xe7300000-0xe73fffff 64bit pref]
[    1.456669] pci 0000:00:15.2: PME# supported from D0 D3hot D3cold
[    1.457344] pci 0000:00:15.3: [15ad:07a0] type 01 class 0x060400 PCIe Root Port
[    1.457730] pci 0000:00:15.3: PCI bridge to [bus 06]
[    1.458824] pci 0000:00:15.3:   bridge window [mem 0xfc800000-0xfc8fffff]
[    1.458957] pci 0000:00:15.3:   bridge window [mem 0xe6f00000-0xe6ffffff 64bit pref]
[    1.459699] pci 0000:00:15.3: PME# supported from D0 D3hot D3cold
[    1.460380] pci 0000:00:15.4: [15ad:07a0] type 01 class 0x060400 PCIe Root Port
[    1.460749] pci 0000:00:15.4: PCI bridge to [bus 07]
[    1.460839] pci 0000:00:15.4:   bridge window [mem 0xfc400000-0xfc4fffff]
[    1.460964] pci 0000:00:15.4:   bridge window [mem 0xe6b00000-0xe6bfffff 64bit pref]
[    1.461673] pci 0000:00:15.4: PME# supported from D0 D3hot D3cold
[    1.462315] pci 0000:00:15.5: [15ad:07a0] type 01 class 0x060400 PCIe Root Port
[    1.462689] pci 0000:00:15.5: PCI bridge to [bus 08]
[    1.462752] pci 0000:00:15.5:   bridge window [mem 0xfc000000-0xfc0fffff]
[    1.462937] pci 0000:00:15.5:   bridge window [mem 0xe6700000-0xe67fffff 64bit pref]
[    1.463660] pci 0000:00:15.5: PME# supported from D0 D3hot D3cold
[    1.464339] pci 0000:00:15.6: [15ad:07a0] type 01 class 0x060400 PCIe Root Port
[    1.464718] pci 0000:00:15.6: PCI bridge to [bus 09]
[    1.464809] pci 0000:00:15.6:   bridge window [mem 0xfbc00000-0xfbcfffff]
[    1.464938] pci 0000:00:15.6:   bridge window [mem 0xe6300000-0xe63fffff 64bit pref]
[    1.465663] pci 0000:00:15.6: PME# supported from D0 D3hot D3cold
[    1.466432] pci 0000:00:15.7: [15ad:07a0] type 01 class 0x060400 PCIe Root Port
[    1.466851] pci 0000:00:15.7: PCI bridge to [bus 0a]
[    1.466913] pci 0000:00:15.7:   bridge window [mem 0xfb800000-0xfb8fffff]
[    1.467042] pci 0000:00:15.7:   bridge window [mem 0xe5f00000-0xe5ffffff 64bit pref]
[    1.467812] pci 0000:00:15.7: PME# supported from D0 D3hot D3cold
[    1.468463] pci 0000:00:16.0: [15ad:07a0] type 01 class 0x060400 PCIe Root Port
[    1.468879] pci 0000:00:16.0: PCI bridge to [bus 0b]
[    1.468912] pci 0000:00:16.0:   bridge window [io  0x4000-0x4fff]
[    1.468943] pci 0000:00:16.0:   bridge window [mem 0xfd300000-0xfd3fffff]
[    1.469072] pci 0000:00:16.0:   bridge window [mem 0xe7a00000-0xe7afffff 64bit pref]
[    1.469841] pci 0000:00:16.0: PME# supported from D0 D3hot D3cold
[    1.470468] pci 0000:00:16.1: [15ad:07a0] type 01 class 0x060400 PCIe Root Port
[    1.470991] pci 0000:00:16.1: PCI bridge to [bus 0c]
[    1.471024] pci 0000:00:16.1:   bridge window [io  0x8000-0x8fff]
[    1.471055] pci 0000:00:16.1:   bridge window [mem 0xfcf00000-0xfcffffff]
[    1.471183] pci 0000:00:16.1:   bridge window [mem 0xe7600000-0xe76fffff 64bit pref]
[    1.471952] pci 0000:00:16.1: PME# supported from D0 D3hot D3cold
[    1.472586] pci 0000:00:16.2: [15ad:07a0] type 01 class 0x060400 PCIe Root Port
[    1.473001] pci 0000:00:16.2: PCI bridge to [bus 0d]
[    1.473033] pci 0000:00:16.2:   bridge window [io  0xc000-0xcfff]
[    1.473063] pci 0000:00:16.2:   bridge window [mem 0xfcb00000-0xfcbfffff]
[    1.473190] pci 0000:00:16.2:   bridge window [mem 0xe7200000-0xe72fffff 64bit pref]
[    1.473951] pci 0000:00:16.2: PME# supported from D0 D3hot D3cold
[    1.474568] pci 0000:00:16.3: [15ad:07a0] type 01 class 0x060400 PCIe Root Port
[    1.474990] pci 0000:00:16.3: PCI bridge to [bus 0e]
[    1.475050] pci 0000:00:16.3:   bridge window [mem 0xfc700000-0xfc7fffff]
[    1.475178] pci 0000:00:16.3:   bridge window [mem 0xe6e00000-0xe6efffff 64bit pref]
[    1.475953] pci 0000:00:16.3: PME# supported from D0 D3hot D3cold
[    1.476666] pci 0000:00:16.4: [15ad:07a0] type 01 class 0x060400 PCIe Root Port
[    1.477091] pci 0000:00:16.4: PCI bridge to [bus 0f]
[    1.477153] pci 0000:00:16.4:   bridge window [mem 0xfc300000-0xfc3fffff]
[    1.477283] pci 0000:00:16.4:   bridge window [mem 0xe6a00000-0xe6afffff 64bit pref]
[    1.478057] pci 0000:00:16.4: PME# supported from D0 D3hot D3cold
[    1.478678] pci 0000:00:16.5: [15ad:07a0] type 01 class 0x060400 PCIe Root Port
[    1.479106] pci 0000:00:16.5: PCI bridge to [bus 10]
[    1.479168] pci 0000:00:16.5:   bridge window [mem 0xfbf00000-0xfbffffff]
[    1.479297] pci 0000:00:16.5:   bridge window [mem 0xe6600000-0xe66fffff 64bit pref]
[    1.480070] pci 0000:00:16.5: PME# supported from D0 D3hot D3cold
[    1.480804] pci 0000:00:16.6: [15ad:07a0] type 01 class 0x060400 PCIe Root Port
[    1.481185] pci 0000:00:16.6: PCI bridge to [bus 11]
[    1.481247] pci 0000:00:16.6:   bridge window [mem 0xfbb00000-0xfbbfffff]
[    1.481377] pci 0000:00:16.6:   bridge window [mem 0xe6200000-0xe62fffff 64bit pref]
[    1.482166] pci 0000:00:16.6: PME# supported from D0 D3hot D3cold
[    1.482960] pci 0000:00:16.7: [15ad:07a0] type 01 class 0x060400 PCIe Root Port
[    1.483340] pci 0000:00:16.7: PCI bridge to [bus 12]
[    1.483402] pci 0000:00:16.7:   bridge window [mem 0xfb700000-0xfb7fffff]
[    1.483533] pci 0000:00:16.7:   bridge window [mem 0xe5e00000-0xe5efffff 64bit pref]
[    1.483533] pci 0000:00:16.7: PME# supported from D0 D3hot D3cold
[    1.485029] pci 0000:00:17.0: [15ad:07a0] type 01 class 0x060400 PCIe Root Port
[    1.485418] pci 0000:00:17.0: PCI bridge to [bus 13]
[    1.485451] pci 0000:00:17.0:   bridge window [io  0x5000-0x5fff]
[    1.485482] pci 0000:00:17.0:   bridge window [mem 0xfd200000-0xfd2fffff]
[    1.485612] pci 0000:00:17.0:   bridge window [mem 0xe7900000-0xe79fffff 64bit pref]
[    1.486415] pci 0000:00:17.0: PME# supported from D0 D3hot D3cold
[    1.487155] pci 0000:00:17.1: [15ad:07a0] type 01 class 0x060400 PCIe Root Port
[    1.487550] pci 0000:00:17.1: PCI bridge to [bus 14]
[    1.487582] pci 0000:00:17.1:   bridge window [io  0x9000-0x9fff]
[    1.487613] pci 0000:00:17.1:   bridge window [mem 0xfce00000-0xfcefffff]
[    1.487613] pci 0000:00:17.1:   bridge window [mem 0xe7500000-0xe75fffff 64bit pref]
[    1.487613] pci 0000:00:17.1: PME# supported from D0 D3hot D3cold
[    1.489309] pci 0000:00:17.2: [15ad:07a0] type 01 class 0x060400 PCIe Root Port
[    1.489690] pci 0000:00:17.2: PCI bridge to [bus 15]
[    1.489722] pci 0000:00:17.2:   bridge window [io  0xd000-0xdfff]
[    1.489809] pci 0000:00:17.2:   bridge window [mem 0xfca00000-0xfcafffff]
[    1.489932] pci 0000:00:17.2:   bridge window [mem 0xe7100000-0xe71fffff 64bit pref]
[    1.490638] pci 0000:00:17.2: PME# supported from D0 D3hot D3cold
[    1.491282] pci 0000:00:17.3: [15ad:07a0] type 01 class 0x060400 PCIe Root Port
[    1.491660] pci 0000:00:17.3: PCI bridge to [bus 16]
[    1.491722] pci 0000:00:17.3:   bridge window [mem 0xfc600000-0xfc6fffff]
[    1.491894] pci 0000:00:17.3:   bridge window [mem 0xe6d00000-0xe6dfffff 64bit pref]
[    1.492628] pci 0000:00:17.3: PME# supported from D0 D3hot D3cold
[    1.493321] pci 0000:00:17.4: [15ad:07a0] type 01 class 0x060400 PCIe Root Port
[    1.493701] pci 0000:00:17.4: PCI bridge to [bus 17]
[    1.493810] pci 0000:00:17.4:   bridge window [mem 0xfc200000-0xfc2fffff]
[    1.493940] pci 0000:00:17.4:   bridge window [mem 0xe6900000-0xe69fffff 64bit pref]
[    1.494686] pci 0000:00:17.4: PME# supported from D0 D3hot D3cold
[    1.495372] pci 0000:00:17.5: [15ad:07a0] type 01 class 0x060400 PCIe Root Port
[    1.495795] pci 0000:00:17.5: PCI bridge to [bus 18]
[    1.495858] pci 0000:00:17.5:   bridge window [mem 0xfbe00000-0xfbefffff]
[    1.495988] pci 0000:00:17.5:   bridge window [mem 0xe6500000-0xe65fffff 64bit pref]
[    1.496747] pci 0000:00:17.5: PME# supported from D0 D3hot D3cold
[    1.497431] pci 0000:00:17.6: [15ad:07a0] type 01 class 0x060400 PCIe Root Port
[    1.497881] pci 0000:00:17.6: PCI bridge to [bus 19]
[    1.497943] pci 0000:00:17.6:   bridge window [mem 0xfba00000-0xfbafffff]
[    1.498074] pci 0000:00:17.6:   bridge window [mem 0xe6100000-0xe61fffff 64bit pref]
[    1.498840] pci 0000:00:17.6: PME# supported from D0 D3hot D3cold
[    1.499573] pci 0000:00:17.7: [15ad:07a0] type 01 class 0x060400 PCIe Root Port
[    1.500092] pci 0000:00:17.7: PCI bridge to [bus 1a]
[    1.500156] pci 0000:00:17.7:   bridge window [mem 0xfb600000-0xfb6fffff]
[    1.500289] pci 0000:00:17.7:   bridge window [mem 0xe5d00000-0xe5dfffff 64bit pref]
[    1.501155] pci 0000:00:17.7: PME# supported from D0 D3hot D3cold
[    1.501879] pci 0000:00:18.0: [15ad:07a0] type 01 class 0x060400 PCIe Root Port
[    1.502253] pci 0000:00:18.0: PCI bridge to [bus 1b]
[    1.502286] pci 0000:00:18.0:   bridge window [io  0x6000-0x6fff]
[    1.502317] pci 0000:00:18.0:   bridge window [mem 0xfd100000-0xfd1fffff]
[    1.502450] pci 0000:00:18.0:   bridge window [mem 0xe7800000-0xe78fffff 64bit pref]
[    1.503227] pci 0000:00:18.0: PME# supported from D0 D3hot D3cold
[    1.503894] pci 0000:00:18.1: [15ad:07a0] type 01 class 0x060400 PCIe Root Port
[    1.504272] pci 0000:00:18.1: PCI bridge to [bus 1c]
[    1.504306] pci 0000:00:18.1:   bridge window [io  0xa000-0xafff]
[    1.504337] pci 0000:00:18.1:   bridge window [mem 0xfcd00000-0xfcdfffff]
[    1.504471] pci 0000:00:18.1:   bridge window [mem 0xe7400000-0xe74fffff 64bit pref]
[    1.505260] pci 0000:00:18.1: PME# supported from D0 D3hot D3cold
[    1.505946] pci 0000:00:18.2: [15ad:07a0] type 01 class 0x060400 PCIe Root Port
[    1.506326] pci 0000:00:18.2: PCI bridge to [bus 1d]
[    1.506359] pci 0000:00:18.2:   bridge window [io  0xe000-0xefff]
[    1.506390] pci 0000:00:18.2:   bridge window [mem 0xfc900000-0xfc9fffff]
[    1.506521] pci 0000:00:18.2:   bridge window [mem 0xe7000000-0xe70fffff 64bit pref]
[    1.507312] pci 0000:00:18.2: PME# supported from D0 D3hot D3cold
[    1.507998] pci 0000:00:18.3: [15ad:07a0] type 01 class 0x060400 PCIe Root Port
[    1.508380] pci 0000:00:18.3: PCI bridge to [bus 1e]
[    1.508442] pci 0000:00:18.3:   bridge window [mem 0xfc500000-0xfc5fffff]
[    1.508577] pci 0000:00:18.3:   bridge window [mem 0xe6c00000-0xe6cfffff 64bit pref]
[    1.509358] pci 0000:00:18.3: PME# supported from D0 D3hot D3cold
[    1.510110] pci 0000:00:18.4: [15ad:07a0] type 01 class 0x060400 PCIe Root Port
[    1.510494] pci 0000:00:18.4: PCI bridge to [bus 1f]
[    1.510557] pci 0000:00:18.4:   bridge window [mem 0xfc100000-0xfc1fffff]
[    1.510688] pci 0000:00:18.4:   bridge window [mem 0xe6800000-0xe68fffff 64bit pref]
[    1.511470] pci 0000:00:18.4: PME# supported from D0 D3hot D3cold
[    1.512183] pci 0000:00:18.5: [15ad:07a0] type 01 class 0x060400 PCIe Root Port
[    1.512572] pci 0000:00:18.5: PCI bridge to [bus 20]
[    1.512635] pci 0000:00:18.5:   bridge window [mem 0xfbd00000-0xfbdfffff]
[    1.512810] pci 0000:00:18.5:   bridge window [mem 0xe6400000-0xe64fffff 64bit pref]
[    1.513559] pci 0000:00:18.5: PME# supported from D0 D3hot D3cold
[    1.514275] pci 0000:00:18.6: [15ad:07a0] type 01 class 0x060400 PCIe Root Port
[    1.514663] pci 0000:00:18.6: PCI bridge to [bus 21]
[    1.514725] pci 0000:00:18.6:   bridge window [mem 0xfb900000-0xfb9fffff]
[    1.514912] pci 0000:00:18.6:   bridge window [mem 0xe6000000-0xe60fffff 64bit pref]
[    1.515662] pci 0000:00:18.6: PME# supported from D0 D3hot D3cold
[    1.516508] pci 0000:00:18.7: [15ad:07a0] type 01 class 0x060400 PCIe Root Port
[    1.516922] pci 0000:00:18.7: PCI bridge to [bus 22]
[    1.516984] pci 0000:00:18.7:   bridge window [mem 0xfb500000-0xfb5fffff]
[    1.517113] pci 0000:00:18.7:   bridge window [mem 0xe5c00000-0xe5cfffff 64bit pref]
[    1.517901] pci 0000:00:18.7: PME# supported from D0 D3hot D3cold
[    1.532635] pci_bus 0000:01: extended config space not accessible
[    1.596384] pci 0000:00:01.0: PCI bridge to [bus 01]
[    1.596688] pci_bus 0000:02: extended config space not accessible
[    1.596688] acpiphp: Slot [32] registered
[    1.596688] acpiphp: Slot [33] registered
[    1.596688] acpiphp: Slot [34] registered
[    1.596688] acpiphp: Slot [35] registered
[    1.596688] acpiphp: Slot [36] registered
[    1.596688] acpiphp: Slot [37] registered
[    1.596688] acpiphp: Slot [38] registered
[    1.596688] acpiphp: Slot [39] registered
[    1.596688] acpiphp: Slot [40] registered
[    1.596688] acpiphp: Slot [41] registered
[    1.596688] acpiphp: Slot [42] registered
[    1.596688] acpiphp: Slot [43] registered
[    1.596688] acpiphp: Slot [44] registered
[    1.596688] acpiphp: Slot [45] registered
[    1.596688] acpiphp: Slot [46] registered
[    1.596688] acpiphp: Slot [47] registered
[    1.596688] acpiphp: Slot [48] registered
[    1.596688] acpiphp: Slot [49] registered
[    1.596688] acpiphp: Slot [50] registered
[    1.596688] acpiphp: Slot [51] registered
[    1.596688] acpiphp: Slot [52] registered
[    1.596699] acpiphp: Slot [53] registered
[    1.596741] acpiphp: Slot [54] registered
[    1.597807] acpiphp: Slot [55] registered
[    1.597835] acpiphp: Slot [56] registered
[    1.597862] acpiphp: Slot [57] registered
[    1.597889] acpiphp: Slot [58] registered
[    1.597916] acpiphp: Slot [59] registered
[    1.597944] acpiphp: Slot [60] registered
[    1.597986] acpiphp: Slot [61] registered
[    1.598014] acpiphp: Slot [62] registered
[    1.598041] acpiphp: Slot [63] registered
[    1.598141] pci 0000:02:00.0: [15ad:0774] type 00 class 0x0c0300 conventional PCI endpoint
[    1.599156] pci 0000:02:00.0: BAR 4 [io  0x2080-0x209f]
[    1.600676] pci 0000:02:01.0: [8086:100f] type 00 class 0x020000 conventional PCI endpoint
[    1.601079] pci 0000:02:01.0: BAR 0 [mem 0xfd5c0000-0xfd5dffff 64bit]
[    1.601406] pci 0000:02:01.0: BAR 2 [mem 0xfdff0000-0xfdffffff 64bit]
[    1.601637] pci 0000:02:01.0: BAR 4 [io  0x2000-0x203f]
[    1.602144] pci 0000:02:01.0: ROM [mem 0x00000000-0x0000ffff pref]
[    1.602549] pci 0000:02:01.0: PME# supported from D0 D3hot D3cold
[    1.603563] pci 0000:02:02.0: [1274:1371] type 00 class 0x040100 conventional PCI endpoint
[    1.603867] pci 0000:02:02.0: BAR 0 [io  0x2040-0x207f]
[    1.606242] pci 0000:02:03.0: [15ad:0770] type 00 class 0x0c0320 conventional PCI endpoint
[    1.606474] pci 0000:02:03.0: BAR 0 [mem 0xfd5ef000-0xfd5effff]
[    1.608643] pci 0000:02:04.0: [15ad:07e0] type 00 class 0x010601 conventional PCI endpoint
[    1.609911] pci 0000:02:04.0: BAR 5 [mem 0xfd5ee000-0xfd5eefff]
[    1.610108] pci 0000:02:04.0: ROM [mem 0x00000000-0x0000ffff pref]
[    1.610632] pci 0000:02:04.0: PME# supported from D3hot
[    1.664937] pci 0000:00:11.0: PCI bridge to [bus 02] (subtractive decode)
[    1.665044] pci 0000:00:11.0:   bridge window [mem 0x000a0000-0x000bffff window] (subtractive decode)
[    1.665047] pci 0000:00:11.0:   bridge window [mem 0x000d0000-0x000dbfff window] (subtractive decode)
[    1.665049] pci 0000:00:11.0:   bridge window [mem 0xc0000000-0xfebfffff window] (subtractive decode)
[    1.665050] pci 0000:00:11.0:   bridge window [io  0x0000-0x0cf7 window] (subtractive decode)
[    1.665052] pci 0000:00:11.0:   bridge window [io  0x0d00-0xfeff window] (subtractive decode)
[    1.665658] pci 0000:03:00.0: [15ad:077a] type 00 class 0x0c0330 PCIe Endpoint
[    1.666051] pci 0000:03:00.0: BAR 0 [mem 0xfd4e0000-0xfd4fffff 64bit]
[    1.667914] pci 0000:03:00.0: PME# supported from D0 D3hot D3cold
[    1.669107] pci 0000:03:00.0: disabling ASPM on pre-1.1 PCIe device.  You can enable it with 'pcie_aspm=force'
[    1.669214] pci 0000:00:15.0: PCI bridge to [bus 03]
[    1.671818] pci 0000:00:15.1: PCI bridge to [bus 04]
[    1.674357] pci 0000:00:15.2: PCI bridge to [bus 05]
[    1.676968] pci 0000:00:15.3: PCI bridge to [bus 06]
[    1.679643] pci 0000:00:15.4: PCI bridge to [bus 07]
[    1.682284] pci 0000:00:15.5: PCI bridge to [bus 08]
[    1.684900] pci 0000:00:15.6: PCI bridge to [bus 09]
[    1.687451] pci 0000:00:15.7: PCI bridge to [bus 0a]
[    1.690055] pci 0000:00:16.0: PCI bridge to [bus 0b]
[    1.691617] pci 0000:00:16.1: PCI bridge to [bus 0c]
[    1.695235] pci 0000:00:16.2: PCI bridge to [bus 0d]
[    1.697906] pci 0000:00:16.3: PCI bridge to [bus 0e]
[    1.700492] pci 0000:00:16.4: PCI bridge to [bus 0f]
[    1.703019] pci 0000:00:16.5: PCI bridge to [bus 10]
[    1.705603] pci 0000:00:16.6: PCI bridge to [bus 11]
[    1.708147] pci 0000:00:16.7: PCI bridge to [bus 12]
[    1.710640] pci 0000:00:17.0: PCI bridge to [bus 13]
[    1.713281] pci 0000:00:17.1: PCI bridge to [bus 14]
[    1.715861] pci 0000:00:17.2: PCI bridge to [bus 15]
[    1.718330] pci 0000:00:17.3: PCI bridge to [bus 16]
[    1.720847] pci 0000:00:17.4: PCI bridge to [bus 17]
[    1.722354] pci 0000:00:17.5: PCI bridge to [bus 18]
[    1.725869] pci 0000:00:17.6: PCI bridge to [bus 19]
[    1.728380] pci 0000:00:17.7: PCI bridge to [bus 1a]
[    1.730963] pci 0000:00:18.0: PCI bridge to [bus 1b]
[    1.733404] pci 0000:00:18.1: PCI bridge to [bus 1c]
[    1.735990] pci 0000:00:18.2: PCI bridge to [bus 1d]
[    1.738560] pci 0000:00:18.3: PCI bridge to [bus 1e]
[    1.741179] pci 0000:00:18.4: PCI bridge to [bus 1f]
[    1.742683] pci 0000:00:18.5: PCI bridge to [bus 20]
[    1.746428] pci 0000:00:18.6: PCI bridge to [bus 21]
[    1.749026] pci 0000:00:18.7: PCI bridge to [bus 22]
[    1.752572] ACPI: PCI: Interrupt link LNKA configured for IRQ 9
[    1.752675] ACPI: PCI: Interrupt link LNKB configured for IRQ 11
[    1.752832] ACPI: PCI: Interrupt link LNKC configured for IRQ 10
[    1.752935] ACPI: PCI: Interrupt link LNKD configured for IRQ 7
[    1.809859] iommu: Default domain type: Translated
[    1.809859] iommu: DMA domain TLB invalidation policy: lazy mode
[    1.811044] SCSI subsystem initialized
[    1.811323] libata version 3.00 loaded.
[    1.811323] ACPI: bus type USB registered
[    1.811323] usbcore: registered new interface driver usbfs
[    1.811323] usbcore: registered new interface driver hub
[    1.811829] usbcore: registered new device driver usb
[    1.811883] pps_core: LinuxPPS API ver. 1 registered
[    1.811884] pps_core: Software ver. 5.3.6 - Copyright 2005-2007 Rodolfo Giometti <giometti@linux.it>
[    1.811887] PTP clock support registered
[    1.813126] EDAC MC: Ver: 3.0.0
[    1.818852] NetLabel: Initializing
[    1.818854] NetLabel:  domain hash size = 128
[    1.818855] NetLabel:  protocols = UNLABELED CIPSOv4 CALIPSO
[    1.818870] NetLabel:  unlabeled traffic allowed by default
[    1.818965] mctp: management component transport protocol core
[    1.818965] NET: Registered PF_MCTP protocol family
[    1.818965] PCI: Using ACPI for IRQ routing
[    2.130697] PCI: pci_cache_line_size set to 64 bytes
[    2.132231] e820: reserve RAM buffer [mem 0x0009e800-0x0009ffff]
[    2.132235] e820: reserve RAM buffer [mem 0xbfed0000-0xbfffffff]
[    2.132834] pci 0000:00:0f.0: vgaarb: setting as boot VGA device
[    2.132837] pci 0000:00:0f.0: vgaarb: bridge control possible
[    2.132838] pci 0000:00:0f.0: vgaarb: VGA device added: decodes=io+mem,owns=io+mem,locks=none
[    2.132849] vgaarb: loaded
[    2.133030] hpet0: at MMIO 0xfed00000, IRQs 2, 8, 0, 0, 0, 0, 0, 0, 0, 0, 0, 0, 0, 0, 0, 0
[    2.133042] hpet0: 16 comparators, 64-bit 14.318180 MHz counter
[    2.135920] clocksource: Switched to clocksource tsc-early
[    2.138627] VFS: Disk quotas dquot_6.6.0
[    2.138678] VFS: Dquot-cache hash table entries: 512 (order 0, 4096 bytes)
[    2.139493] AppArmor: AppArmor Filesystem Enabled
[    2.139514] pnp: PnP ACPI init
[    2.139977] system 00:00: [io  0x1000-0x103f] has been reserved
[    2.139981] system 00:00: [io  0x1040-0x104f] has been reserved
[    2.139983] system 00:00: [io  0x0cf0-0x0cf1] has been reserved
[    2.140495] system 00:04: [mem 0xfed00000-0xfed003ff] has been reserved
[    2.142968] pnp 00:05: [dma 2]
[    2.143404] system 00:06: [io  0xfce0-0xfcff] has been reserved
[    2.143408] system 00:06: [mem 0xf0000000-0xf7ffffff] has been reserved
[    2.143410] system 00:06: [mem 0xfe800000-0xfe9fffff] has been reserved
[    2.184331] pnp: PnP ACPI: found 7 devices
[    2.200130] clocksource: acpi_pm: mask: 0xffffff max_cycles: 0xffffff, max_idle_ns: 2085701024 ns
[    2.200261] NET: Registered PF_INET protocol family
[    2.203555] IP idents hash table entries: 131072 (order: 8, 1048576 bytes, linear)
[    2.232078] tcp_listen_portaddr_hash hash table entries: 4096 (order: 4, 65536 bytes, linear)
[    2.232091] Table-perturb hash table entries: 65536 (order: 6, 262144 bytes, linear)
[    2.232103] TCP established hash table entries: 65536 (order: 7, 524288 bytes, linear)
[    2.235448] TCP bind hash table entries: 65536 (order: 9, 2097152 bytes, linear)
[    2.235517] TCP: Hash tables configured (established 65536 bind 65536)
[    2.236120] MPTCP token hash table entries: 8192 (order: 5, 196608 bytes, linear)
[    2.236199] UDP hash table entries: 4096 (order: 5, 131072 bytes, linear)
[    2.236212] UDP-Lite hash table entries: 4096 (order: 5, 131072 bytes, linear)
[    2.236737] NET: Registered PF_UNIX/PF_LOCAL protocol family
[    2.236758] NET: Registered PF_XDP protocol family
[    2.236774] pci 0000:00:15.0: bridge window [io  0x1000-0x0fff] to [bus 03] add_size 1000
[    2.236791] pci 0000:00:15.0: bridge window [mem 0x00100000-0x000fffff 64bit pref] to [bus 03] add_size 200000 add_align 100000
[    2.236795] pci 0000:00:15.3: bridge window [io  0x1000-0x0fff] to [bus 06] add_size 1000
[    2.236797] pci 0000:00:15.4: bridge window [io  0x1000-0x0fff] to [bus 07] add_size 1000
[    2.236799] pci 0000:00:15.5: bridge window [io  0x1000-0x0fff] to [bus 08] add_size 1000
[    2.236801] pci 0000:00:15.6: bridge window [io  0x1000-0x0fff] to [bus 09] add_size 1000
[    2.236803] pci 0000:00:15.7: bridge window [io  0x1000-0x0fff] to [bus 0a] add_size 1000
[    2.236805] pci 0000:00:16.3: bridge window [io  0x1000-0x0fff] to [bus 0e] add_size 1000
[    2.236807] pci 0000:00:16.4: bridge window [io  0x1000-0x0fff] to [bus 0f] add_size 1000
[    2.236808] pci 0000:00:16.5: bridge window [io  0x1000-0x0fff] to [bus 10] add_size 1000
[    2.236811] pci 0000:00:16.6: bridge window [io  0x1000-0x0fff] to [bus 11] add_size 1000
[    2.236812] pci 0000:00:16.7: bridge window [io  0x1000-0x0fff] to [bus 12] add_size 1000
[    2.236815] pci 0000:00:17.3: bridge window [io  0x1000-0x0fff] to [bus 16] add_size 1000
[    2.236817] pci 0000:00:17.4: bridge window [io  0x1000-0x0fff] to [bus 17] add_size 1000
[    2.236818] pci 0000:00:17.5: bridge window [io  0x1000-0x0fff] to [bus 18] add_size 1000
[    2.236820] pci 0000:00:17.6: bridge window [io  0x1000-0x0fff] to [bus 19] add_size 1000
[    2.236822] pci 0000:00:17.7: bridge window [io  0x1000-0x0fff] to [bus 1a] add_size 1000
[    2.236824] pci 0000:00:18.3: bridge window [io  0x1000-0x0fff] to [bus 1e] add_size 1000
[    2.236826] pci 0000:00:18.4: bridge window [io  0x1000-0x0fff] to [bus 1f] add_size 1000
[    2.236828] pci 0000:00:18.5: bridge window [io  0x1000-0x0fff] to [bus 20] add_size 1000
[    2.236830] pci 0000:00:18.6: bridge window [io  0x1000-0x0fff] to [bus 21] add_size 1000
[    2.236831] pci 0000:00:18.7: bridge window [io  0x1000-0x0fff] to [bus 22] add_size 1000
[    2.236845] pci 0000:00:15.0: bridge window [mem 0xc0000000-0xc01fffff 64bit pref]: assigned
[    2.236848] pci 0000:00:10.0: ROM [mem 0xc0200000-0xc0203fff pref]: assigned
[    2.236851] pci 0000:00:15.0: bridge window [io  size 0x1000]: can't assign; no space
[    2.236853] pci 0000:00:15.0: bridge window [io  size 0x1000]: failed to assign
[    2.236855] pci 0000:00:15.3: bridge window [io  size 0x1000]: can't assign; no space
[    2.236856] pci 0000:00:15.3: bridge window [io  size 0x1000]: failed to assign
[    2.236858] pci 0000:00:15.4: bridge window [io  size 0x1000]: can't assign; no space
[    2.236859] pci 0000:00:15.4: bridge window [io  size 0x1000]: failed to assign
[    2.236861] pci 0000:00:15.5: bridge window [io  size 0x1000]: can't assign; no space
[    2.236862] pci 0000:00:15.5: bridge window [io  size 0x1000]: failed to assign
[    2.236864] pci 0000:00:15.6: bridge window [io  size 0x1000]: can't assign; no space
[    2.236865] pci 0000:00:15.6: bridge window [io  size 0x1000]: failed to assign
[    2.236867] pci 0000:00:15.7: bridge window [io  size 0x1000]: can't assign; no space
[    2.236868] pci 0000:00:15.7: bridge window [io  size 0x1000]: failed to assign
[    2.236870] pci 0000:00:16.3: bridge window [io  size 0x1000]: can't assign; no space
[    2.236871] pci 0000:00:16.3: bridge window [io  size 0x1000]: failed to assign
[    2.236873] pci 0000:00:16.4: bridge window [io  size 0x1000]: can't assign; no space
[    2.236874] pci 0000:00:16.4: bridge window [io  size 0x1000]: failed to assign
[    2.236876] pci 0000:00:16.5: bridge window [io  size 0x1000]: can't assign; no space
[    2.236877] pci 0000:00:16.5: bridge window [io  size 0x1000]: failed to assign
[    2.236879] pci 0000:00:16.6: bridge window [io  size 0x1000]: can't assign; no space
[    2.236880] pci 0000:00:16.6: bridge window [io  size 0x1000]: failed to assign
[    2.236882] pci 0000:00:16.7: bridge window [io  size 0x1000]: can't assign; no space
[    2.236883] pci 0000:00:16.7: bridge window [io  size 0x1000]: failed to assign
[    2.236885] pci 0000:00:17.3: bridge window [io  size 0x1000]: can't assign; no space
[    2.236886] pci 0000:00:17.3: bridge window [io  size 0x1000]: failed to assign
[    2.236888] pci 0000:00:17.4: bridge window [io  size 0x1000]: can't assign; no space
[    2.236889] pci 0000:00:17.4: bridge window [io  size 0x1000]: failed to assign
[    2.236891] pci 0000:00:17.5: bridge window [io  size 0x1000]: can't assign; no space
[    2.236892] pci 0000:00:17.5: bridge window [io  size 0x1000]: failed to assign
[    2.236893] pci 0000:00:17.6: bridge window [io  size 0x1000]: can't assign; no space
[    2.236895] pci 0000:00:17.6: bridge window [io  size 0x1000]: failed to assign
[    2.236896] pci 0000:00:17.7: bridge window [io  size 0x1000]: can't assign; no space
[    2.236898] pci 0000:00:17.7: bridge window [io  size 0x1000]: failed to assign
[    2.236899] pci 0000:00:18.3: bridge window [io  size 0x1000]: can't assign; no space
[    2.236901] pci 0000:00:18.3: bridge window [io  size 0x1000]: failed to assign
[    2.236902] pci 0000:00:18.4: bridge window [io  size 0x1000]: can't assign; no space
[    2.236904] pci 0000:00:18.4: bridge window [io  size 0x1000]: failed to assign
[    2.236905] pci 0000:00:18.5: bridge window [io  size 0x1000]: can't assign; no space
[    2.236906] pci 0000:00:18.5: bridge window [io  size 0x1000]: failed to assign
[    2.236908] pci 0000:00:18.6: bridge window [io  size 0x1000]: can't assign; no space
[    2.236909] pci 0000:00:18.6: bridge window [io  size 0x1000]: failed to assign
[    2.236911] pci 0000:00:18.7: bridge window [io  size 0x1000]: can't assign; no space
[    2.236912] pci 0000:00:18.7: bridge window [io  size 0x1000]: failed to assign
[    2.236916] pci 0000:00:18.7: bridge window [io  size 0x1000]: can't assign; no space
[    2.236917] pci 0000:00:18.7: bridge window [io  size 0x1000]: failed to assign
[    2.236919] pci 0000:00:18.6: bridge window [io  size 0x1000]: can't assign; no space
[    2.236920] pci 0000:00:18.6: bridge window [io  size 0x1000]: failed to assign
[    2.236921] pci 0000:00:18.5: bridge window [io  size 0x1000]: can't assign; no space
[    2.236923] pci 0000:00:18.5: bridge window [io  size 0x1000]: failed to assign
[    2.236924] pci 0000:00:18.4: bridge window [io  size 0x1000]: can't assign; no space
[    2.236926] pci 0000:00:18.4: bridge window [io  size 0x1000]: failed to assign
[    2.236927] pci 0000:00:18.3: bridge window [io  size 0x1000]: can't assign; no space
[    2.236928] pci 0000:00:18.3: bridge window [io  size 0x1000]: failed to assign
[    2.236930] pci 0000:00:17.7: bridge window [io  size 0x1000]: can't assign; no space
[    2.236931] pci 0000:00:17.7: bridge window [io  size 0x1000]: failed to assign
[    2.236933] pci 0000:00:17.6: bridge window [io  size 0x1000]: can't assign; no space
[    2.236934] pci 0000:00:17.6: bridge window [io  size 0x1000]: failed to assign
[    2.236936] pci 0000:00:17.5: bridge window [io  size 0x1000]: can't assign; no space
[    2.236937] pci 0000:00:17.5: bridge window [io  size 0x1000]: failed to assign
[    2.236939] pci 0000:00:17.4: bridge window [io  size 0x1000]: can't assign; no space
[    2.236940] pci 0000:00:17.4: bridge window [io  size 0x1000]: failed to assign
[    2.236942] pci 0000:00:17.3: bridge window [io  size 0x1000]: can't assign; no space
[    2.236943] pci 0000:00:17.3: bridge window [io  size 0x1000]: failed to assign
[    2.236945] pci 0000:00:16.7: bridge window [io  size 0x1000]: can't assign; no space
[    2.236946] pci 0000:00:16.7: bridge window [io  size 0x1000]: failed to assign
[    2.236948] pci 0000:00:16.6: bridge window [io  size 0x1000]: can't assign; no space
[    2.236949] pci 0000:00:16.6: bridge window [io  size 0x1000]: failed to assign
[    2.236951] pci 0000:00:16.5: bridge window [io  size 0x1000]: can't assign; no space
[    2.236952] pci 0000:00:16.5: bridge window [io  size 0x1000]: failed to assign
[    2.236953] pci 0000:00:16.4: bridge window [io  size 0x1000]: can't assign; no space
[    2.236955] pci 0000:00:16.4: bridge window [io  size 0x1000]: failed to assign
[    2.236956] pci 0000:00:16.3: bridge window [io  size 0x1000]: can't assign; no space
[    2.236958] pci 0000:00:16.3: bridge window [io  size 0x1000]: failed to assign
[    2.236959] pci 0000:00:15.7: bridge window [io  size 0x1000]: can't assign; no space
[    2.236960] pci 0000:00:15.7: bridge window [io  size 0x1000]: failed to assign
[    2.236962] pci 0000:00:15.6: bridge window [io  size 0x1000]: can't assign; no space
[    2.236963] pci 0000:00:15.6: bridge window [io  size 0x1000]: failed to assign
[    2.236965] pci 0000:00:15.5: bridge window [io  size 0x1000]: can't assign; no space
[    2.236966] pci 0000:00:15.5: bridge window [io  size 0x1000]: failed to assign
[    2.236968] pci 0000:00:15.4: bridge window [io  size 0x1000]: can't assign; no space
[    2.236969] pci 0000:00:15.4: bridge window [io  size 0x1000]: failed to assign
[    2.236971] pci 0000:00:15.3: bridge window [io  size 0x1000]: can't assign; no space
[    2.236972] pci 0000:00:15.3: bridge window [io  size 0x1000]: failed to assign
[    2.236974] pci 0000:00:15.0: bridge window [io  size 0x1000]: can't assign; no space
[    2.236975] pci 0000:00:15.0: bridge window [io  size 0x1000]: failed to assign
[    2.236977] pci 0000:00:01.0: PCI bridge to [bus 01]
[    2.237206] pci 0000:02:01.0: ROM [mem 0xfd500000-0xfd50ffff pref]: assigned
[    2.237209] pci 0000:02:04.0: ROM [mem 0xfd510000-0xfd51ffff pref]: assigned
[    2.237211] pci 0000:00:11.0: PCI bridge to [bus 02]
[    2.237228] pci 0000:00:11.0:   bridge window [io  0x2000-0x3fff]
[    2.237279] pci 0000:00:11.0:   bridge window [mem 0xfd500000-0xfdffffff]
[    2.237310] pci 0000:00:11.0:   bridge window [mem 0xe7b00000-0xe7ffffff 64bit pref]
[    2.237370] pci 0000:00:15.0: PCI bridge to [bus 03]
[    2.237415] pci 0000:00:15.0:   bridge window [mem 0xfd400000-0xfd4fffff]
[    2.237446] pci 0000:00:15.0:   bridge window [mem 0xc0000000-0xc01fffff 64bit pref]
[    2.237504] pci 0000:00:15.1: PCI bridge to [bus 04]
[    2.237522] pci 0000:00:15.1:   bridge window [io  0x7000-0x7fff]
[    2.237566] pci 0000:00:15.1:   bridge window [mem 0xfd000000-0xfd0fffff]
[    2.237597] pci 0000:00:15.1:   bridge window [mem 0xe7700000-0xe77fffff 64bit pref]
[    2.237660] pci 0000:00:15.2: PCI bridge to [bus 05]
[    2.237677] pci 0000:00:15.2:   bridge window [io  0xb000-0xbfff]
[    2.237722] pci 0000:00:15.2:   bridge window [mem 0xfcc00000-0xfccfffff]
[    2.237753] pci 0000:00:15.2:   bridge window [mem 0xe7300000-0xe73fffff 64bit pref]
[    2.237813] pci 0000:00:15.3: PCI bridge to [bus 06]
[    2.237858] pci 0000:00:15.3:   bridge window [mem 0xfc800000-0xfc8fffff]
[    2.237889] pci 0000:00:15.3:   bridge window [mem 0xe6f00000-0xe6ffffff 64bit pref]
[    2.237949] pci 0000:00:15.4: PCI bridge to [bus 07]
[    2.237994] pci 0000:00:15.4:   bridge window [mem 0xfc400000-0xfc4fffff]
[    2.238025] pci 0000:00:15.4:   bridge window [mem 0xe6b00000-0xe6bfffff 64bit pref]
[    2.238085] pci 0000:00:15.5: PCI bridge to [bus 08]
[    2.238130] pci 0000:00:15.5:   bridge window [mem 0xfc000000-0xfc0fffff]
[    2.238216] pci 0000:00:15.5:   bridge window [mem 0xe6700000-0xe67fffff 64bit pref]
[    2.238276] pci 0000:00:15.6: PCI bridge to [bus 09]
[    2.238321] pci 0000:00:15.6:   bridge window [mem 0xfbc00000-0xfbcfffff]
[    2.238352] pci 0000:00:15.6:   bridge window [mem 0xe6300000-0xe63fffff 64bit pref]
[    2.238412] pci 0000:00:15.7: PCI bridge to [bus 0a]
[    2.238457] pci 0000:00:15.7:   bridge window [mem 0xfb800000-0xfb8fffff]
[    2.238488] pci 0000:00:15.7:   bridge window [mem 0xe5f00000-0xe5ffffff 64bit pref]
[    2.238548] pci 0000:00:16.0: PCI bridge to [bus 0b]
[    2.238565] pci 0000:00:16.0:   bridge window [io  0x4000-0x4fff]
[    2.238611] pci 0000:00:16.0:   bridge window [mem 0xfd300000-0xfd3fffff]
[    2.238645] pci 0000:00:16.0:   bridge window [mem 0xe7a00000-0xe7afffff 64bit pref]
[    2.238706] pci 0000:00:16.1: PCI bridge to [bus 0c]
[    2.238723] pci 0000:00:16.1:   bridge window [io  0x8000-0x8fff]
[    2.238768] pci 0000:00:16.1:   bridge window [mem 0xfcf00000-0xfcffffff]
[    2.238800] pci 0000:00:16.1:   bridge window [mem 0xe7600000-0xe76fffff 64bit pref]
[    2.238860] pci 0000:00:16.2: PCI bridge to [bus 0d]
[    2.238877] pci 0000:00:16.2:   bridge window [io  0xc000-0xcfff]
[    2.238922] pci 0000:00:16.2:   bridge window [mem 0xfcb00000-0xfcbfffff]
[    2.238953] pci 0000:00:16.2:   bridge window [mem 0xe7200000-0xe72fffff 64bit pref]
[    2.239013] pci 0000:00:16.3: PCI bridge to [bus 0e]
[    2.239059] pci 0000:00:16.3:   bridge window [mem 0xfc700000-0xfc7fffff]
[    2.239090] pci 0000:00:16.3:   bridge window [mem 0xe6e00000-0xe6efffff 64bit pref]
[    2.239217] pci 0000:00:16.4: PCI bridge to [bus 0f]
[    2.239264] pci 0000:00:16.4:   bridge window [mem 0xfc300000-0xfc3fffff]
[    2.239295] pci 0000:00:16.4:   bridge window [mem 0xe6a00000-0xe6afffff 64bit pref]
[    2.239355] pci 0000:00:16.5: PCI bridge to [bus 10]
[    2.239400] pci 0000:00:16.5:   bridge window [mem 0xfbf00000-0xfbffffff]
[    2.239432] pci 0000:00:16.5:   bridge window [mem 0xe6600000-0xe66fffff 64bit pref]
[    2.239491] pci 0000:00:16.6: PCI bridge to [bus 11]
[    2.239537] pci 0000:00:16.6:   bridge window [mem 0xfbb00000-0xfbbfffff]
[    2.239568] pci 0000:00:16.6:   bridge window [mem 0xe6200000-0xe62fffff 64bit pref]
[    2.239628] pci 0000:00:16.7: PCI bridge to [bus 12]
[    2.239678] pci 0000:00:16.7:   bridge window [mem 0xfb700000-0xfb7fffff]
[    2.239709] pci 0000:00:16.7:   bridge window [mem 0xe5e00000-0xe5efffff 64bit pref]
[    2.239769] pci 0000:00:17.0: PCI bridge to [bus 13]
[    2.239787] pci 0000:00:17.0:   bridge window [io  0x5000-0x5fff]
[    2.239832] pci 0000:00:17.0:   bridge window [mem 0xfd200000-0xfd2fffff]
[    2.239864] pci 0000:00:17.0:   bridge window [mem 0xe7900000-0xe79fffff 64bit pref]
[    2.239924] pci 0000:00:17.1: PCI bridge to [bus 14]
[    2.239941] pci 0000:00:17.1:   bridge window [io  0x9000-0x9fff]
[    2.239987] pci 0000:00:17.1:   bridge window [mem 0xfce00000-0xfcefffff]
[    2.240018] pci 0000:00:17.1:   bridge window [mem 0xe7500000-0xe75fffff 64bit pref]
[    2.240079] pci 0000:00:17.2: PCI bridge to [bus 15]
[    2.240096] pci 0000:00:17.2:   bridge window [io  0xd000-0xdfff]
[    2.240203] pci 0000:00:17.2:   bridge window [mem 0xfca00000-0xfcafffff]
[    2.240234] pci 0000:00:17.2:   bridge window [mem 0xe7100000-0xe71fffff 64bit pref]
[    2.240295] pci 0000:00:17.3: PCI bridge to [bus 16]
[    2.240341] pci 0000:00:17.3:   bridge window [mem 0xfc600000-0xfc6fffff]
[    2.240372] pci 0000:00:17.3:   bridge window [mem 0xe6d00000-0xe6dfffff 64bit pref]
[    2.240433] pci 0000:00:17.4: PCI bridge to [bus 17]
[    2.240478] pci 0000:00:17.4:   bridge window [mem 0xfc200000-0xfc2fffff]
[    2.240510] pci 0000:00:17.4:   bridge window [mem 0xe6900000-0xe69fffff 64bit pref]
[    2.240570] pci 0000:00:17.5: PCI bridge to [bus 18]
[    2.240616] pci 0000:00:17.5:   bridge window [mem 0xfbe00000-0xfbefffff]
[    2.240651] pci 0000:00:17.5:   bridge window [mem 0xe6500000-0xe65fffff 64bit pref]
[    2.240712] pci 0000:00:17.6: PCI bridge to [bus 19]
[    2.240758] pci 0000:00:17.6:   bridge window [mem 0xfba00000-0xfbafffff]
[    2.240789] pci 0000:00:17.6:   bridge window [mem 0xe6100000-0xe61fffff 64bit pref]
[    2.240850] pci 0000:00:17.7: PCI bridge to [bus 1a]
[    2.240896] pci 0000:00:17.7:   bridge window [mem 0xfb600000-0xfb6fffff]
[    2.240927] pci 0000:00:17.7:   bridge window [mem 0xe5d00000-0xe5dfffff 64bit pref]
[    2.240988] pci 0000:00:18.0: PCI bridge to [bus 1b]
[    2.241005] pci 0000:00:18.0:   bridge window [io  0x6000-0x6fff]
[    2.241051] pci 0000:00:18.0:   bridge window [mem 0xfd100000-0xfd1fffff]
[    2.241082] pci 0000:00:18.0:   bridge window [mem 0xe7800000-0xe78fffff 64bit pref]
[    2.241301] pci 0000:00:18.1: PCI bridge to [bus 1c]
[    2.241333] pci 0000:00:18.1:   bridge window [io  0xa000-0xafff]
[    2.241403] pci 0000:00:18.1:   bridge window [mem 0xfcd00000-0xfcdfffff]
[    2.241450] pci 0000:00:18.1:   bridge window [mem 0xe7400000-0xe74fffff 64bit pref]
[    2.241541] pci 0000:00:18.2: PCI bridge to [bus 1d]
[    2.241568] pci 0000:00:18.2:   bridge window [io  0xe000-0xefff]
[    2.241637] pci 0000:00:18.2:   bridge window [mem 0xfc900000-0xfc9fffff]
[    2.241680] pci 0000:00:18.2:   bridge window [mem 0xe7000000-0xe70fffff 64bit pref]
[    2.241740] pci 0000:00:18.3: PCI bridge to [bus 1e]
[    2.241786] pci 0000:00:18.3:   bridge window [mem 0xfc500000-0xfc5fffff]
[    2.241818] pci 0000:00:18.3:   bridge window [mem 0xe6c00000-0xe6cfffff 64bit pref]
[    2.241878] pci 0000:00:18.4: PCI bridge to [bus 1f]
[    2.241924] pci 0000:00:18.4:   bridge window [mem 0xfc100000-0xfc1fffff]
[    2.241955] pci 0000:00:18.4:   bridge window [mem 0xe6800000-0xe68fffff 64bit pref]
[    2.242015] pci 0000:00:18.5: PCI bridge to [bus 20]
[    2.242061] pci 0000:00:18.5:   bridge window [mem 0xfbd00000-0xfbdfffff]
[    2.242092] pci 0000:00:18.5:   bridge window [mem 0xe6400000-0xe64fffff 64bit pref]
[    2.242224] pci 0000:00:18.6: PCI bridge to [bus 21]
[    2.242270] pci 0000:00:18.6:   bridge window [mem 0xfb900000-0xfb9fffff]
[    2.242302] pci 0000:00:18.6:   bridge window [mem 0xe6000000-0xe60fffff 64bit pref]
[    2.242362] pci 0000:00:18.7: PCI bridge to [bus 22]
[    2.242408] pci 0000:00:18.7:   bridge window [mem 0xfb500000-0xfb5fffff]
[    2.242439] pci 0000:00:18.7:   bridge window [mem 0xe5c00000-0xe5cfffff 64bit pref]
[    2.242500] pci_bus 0000:00: resource 4 [mem 0x000a0000-0x000bffff window]
[    2.242502] pci_bus 0000:00: resource 5 [mem 0x000d0000-0x000dbfff window]
[    2.242504] pci_bus 0000:00: resource 6 [mem 0xc0000000-0xfebfffff window]
[    2.242505] pci_bus 0000:00: resource 7 [io  0x0000-0x0cf7 window]
[    2.242507] pci_bus 0000:00: resource 8 [io  0x0d00-0xfeff window]
[    2.242508] pci_bus 0000:02: resource 0 [io  0x2000-0x3fff]
[    2.242510] pci_bus 0000:02: resource 1 [mem 0xfd500000-0xfdffffff]
[    2.242511] pci_bus 0000:02: resource 2 [mem 0xe7b00000-0xe7ffffff 64bit pref]
[    2.242512] pci_bus 0000:02: resource 4 [mem 0x000a0000-0x000bffff window]
[    2.242513] pci_bus 0000:02: resource 5 [mem 0x000d0000-0x000dbfff window]
[    2.242515] pci_bus 0000:02: resource 6 [mem 0xc0000000-0xfebfffff window]
[    2.242516] pci_bus 0000:02: resource 7 [io  0x0000-0x0cf7 window]
[    2.242517] pci_bus 0000:02: resource 8 [io  0x0d00-0xfeff window]
[    2.242519] pci_bus 0000:03: resource 1 [mem 0xfd400000-0xfd4fffff]
[    2.242520] pci_bus 0000:03: resource 2 [mem 0xc0000000-0xc01fffff 64bit pref]
[    2.242522] pci_bus 0000:04: resource 0 [io  0x7000-0x7fff]
[    2.242523] pci_bus 0000:04: resource 1 [mem 0xfd000000-0xfd0fffff]
[    2.242524] pci_bus 0000:04: resource 2 [mem 0xe7700000-0xe77fffff 64bit pref]
[    2.242525] pci_bus 0000:05: resource 0 [io  0xb000-0xbfff]
[    2.242527] pci_bus 0000:05: resource 1 [mem 0xfcc00000-0xfccfffff]
[    2.242528] pci_bus 0000:05: resource 2 [mem 0xe7300000-0xe73fffff 64bit pref]
[    2.242529] pci_bus 0000:06: resource 1 [mem 0xfc800000-0xfc8fffff]
[    2.242530] pci_bus 0000:06: resource 2 [mem 0xe6f00000-0xe6ffffff 64bit pref]
[    2.242532] pci_bus 0000:07: resource 1 [mem 0xfc400000-0xfc4fffff]
[    2.242533] pci_bus 0000:07: resource 2 [mem 0xe6b00000-0xe6bfffff 64bit pref]
[    2.242534] pci_bus 0000:08: resource 1 [mem 0xfc000000-0xfc0fffff]
[    2.242535] pci_bus 0000:08: resource 2 [mem 0xe6700000-0xe67fffff 64bit pref]
[    2.242537] pci_bus 0000:09: resource 1 [mem 0xfbc00000-0xfbcfffff]
[    2.242538] pci_bus 0000:09: resource 2 [mem 0xe6300000-0xe63fffff 64bit pref]
[    2.242539] pci_bus 0000:0a: resource 1 [mem 0xfb800000-0xfb8fffff]
[    2.242540] pci_bus 0000:0a: resource 2 [mem 0xe5f00000-0xe5ffffff 64bit pref]
[    2.242542] pci_bus 0000:0b: resource 0 [io  0x4000-0x4fff]
[    2.242543] pci_bus 0000:0b: resource 1 [mem 0xfd300000-0xfd3fffff]
[    2.242544] pci_bus 0000:0b: resource 2 [mem 0xe7a00000-0xe7afffff 64bit pref]
[    2.242545] pci_bus 0000:0c: resource 0 [io  0x8000-0x8fff]
[    2.242547] pci_bus 0000:0c: resource 1 [mem 0xfcf00000-0xfcffffff]
[    2.242548] pci_bus 0000:0c: resource 2 [mem 0xe7600000-0xe76fffff 64bit pref]
[    2.242549] pci_bus 0000:0d: resource 0 [io  0xc000-0xcfff]
[    2.242550] pci_bus 0000:0d: resource 1 [mem 0xfcb00000-0xfcbfffff]
[    2.242551] pci_bus 0000:0d: resource 2 [mem 0xe7200000-0xe72fffff 64bit pref]
[    2.242553] pci_bus 0000:0e: resource 1 [mem 0xfc700000-0xfc7fffff]
[    2.242554] pci_bus 0000:0e: resource 2 [mem 0xe6e00000-0xe6efffff 64bit pref]
[    2.242556] pci_bus 0000:0f: resource 1 [mem 0xfc300000-0xfc3fffff]
[    2.242557] pci_bus 0000:0f: resource 2 [mem 0xe6a00000-0xe6afffff 64bit pref]
[    2.242558] pci_bus 0000:10: resource 1 [mem 0xfbf00000-0xfbffffff]
[    2.242559] pci_bus 0000:10: resource 2 [mem 0xe6600000-0xe66fffff 64bit pref]
[    2.242561] pci_bus 0000:11: resource 1 [mem 0xfbb00000-0xfbbfffff]
[    2.242562] pci_bus 0000:11: resource 2 [mem 0xe6200000-0xe62fffff 64bit pref]
[    2.242563] pci_bus 0000:12: resource 1 [mem 0xfb700000-0xfb7fffff]
[    2.242565] pci_bus 0000:12: resource 2 [mem 0xe5e00000-0xe5efffff 64bit pref]
[    2.242566] pci_bus 0000:13: resource 0 [io  0x5000-0x5fff]
[    2.242567] pci_bus 0000:13: resource 1 [mem 0xfd200000-0xfd2fffff]
[    2.242568] pci_bus 0000:13: resource 2 [mem 0xe7900000-0xe79fffff 64bit pref]
[    2.242570] pci_bus 0000:14: resource 0 [io  0x9000-0x9fff]
[    2.242571] pci_bus 0000:14: resource 1 [mem 0xfce00000-0xfcefffff]
[    2.242572] pci_bus 0000:14: resource 2 [mem 0xe7500000-0xe75fffff 64bit pref]
[    2.242573] pci_bus 0000:15: resource 0 [io  0xd000-0xdfff]
[    2.242575] pci_bus 0000:15: resource 1 [mem 0xfca00000-0xfcafffff]
[    2.242576] pci_bus 0000:15: resource 2 [mem 0xe7100000-0xe71fffff 64bit pref]
[    2.242577] pci_bus 0000:16: resource 1 [mem 0xfc600000-0xfc6fffff]
[    2.242578] pci_bus 0000:16: resource 2 [mem 0xe6d00000-0xe6dfffff 64bit pref]
[    2.242580] pci_bus 0000:17: resource 1 [mem 0xfc200000-0xfc2fffff]
[    2.242581] pci_bus 0000:17: resource 2 [mem 0xe6900000-0xe69fffff 64bit pref]
[    2.242582] pci_bus 0000:18: resource 1 [mem 0xfbe00000-0xfbefffff]
[    2.242583] pci_bus 0000:18: resource 2 [mem 0xe6500000-0xe65fffff 64bit pref]
[    2.242585] pci_bus 0000:19: resource 1 [mem 0xfba00000-0xfbafffff]
[    2.242586] pci_bus 0000:19: resource 2 [mem 0xe6100000-0xe61fffff 64bit pref]
[    2.242587] pci_bus 0000:1a: resource 1 [mem 0xfb600000-0xfb6fffff]
[    2.242588] pci_bus 0000:1a: resource 2 [mem 0xe5d00000-0xe5dfffff 64bit pref]
[    2.242590] pci_bus 0000:1b: resource 0 [io  0x6000-0x6fff]
[    2.242591] pci_bus 0000:1b: resource 1 [mem 0xfd100000-0xfd1fffff]
[    2.242592] pci_bus 0000:1b: resource 2 [mem 0xe7800000-0xe78fffff 64bit pref]
[    2.242593] pci_bus 0000:1c: resource 0 [io  0xa000-0xafff]
[    2.242595] pci_bus 0000:1c: resource 1 [mem 0xfcd00000-0xfcdfffff]
[    2.242596] pci_bus 0000:1c: resource 2 [mem 0xe7400000-0xe74fffff 64bit pref]
[    2.242597] pci_bus 0000:1d: resource 0 [io  0xe000-0xefff]
[    2.242598] pci_bus 0000:1d: resource 1 [mem 0xfc900000-0xfc9fffff]
[    2.242599] pci_bus 0000:1d: resource 2 [mem 0xe7000000-0xe70fffff 64bit pref]
[    2.242601] pci_bus 0000:1e: resource 1 [mem 0xfc500000-0xfc5fffff]
[    2.242602] pci_bus 0000:1e: resource 2 [mem 0xe6c00000-0xe6cfffff 64bit pref]
[    2.242604] pci_bus 0000:1f: resource 1 [mem 0xfc100000-0xfc1fffff]
[    2.242605] pci_bus 0000:1f: resource 2 [mem 0xe6800000-0xe68fffff 64bit pref]
[    2.242606] pci_bus 0000:20: resource 1 [mem 0xfbd00000-0xfbdfffff]
[    2.242607] pci_bus 0000:20: resource 2 [mem 0xe6400000-0xe64fffff 64bit pref]
[    2.242609] pci_bus 0000:21: resource 1 [mem 0xfb900000-0xfb9fffff]
[    2.242610] pci_bus 0000:21: resource 2 [mem 0xe6000000-0xe60fffff 64bit pref]
[    2.242611] pci_bus 0000:22: resource 1 [mem 0xfb500000-0xfb5fffff]
[    2.242612] pci_bus 0000:22: resource 2 [mem 0xe5c00000-0xe5cfffff 64bit pref]
[    2.242900] pci 0000:00:00.0: Limiting direct PCI/PCI transfers
[    2.244718] pci 0000:02:01.0: CLS mismatch (32 != 64), using 64 bytes
[    2.246873] PCI-DMA: Using software bounce buffering for IO (SWIOTLB)
[    2.246875] software IO TLB: mapped [mem 0x00000000bbed0000-0x00000000bfed0000] (64MB)
[    2.246927] clocksource: tsc: mask: 0xffffffffffffffff max_cycles: 0x439e73586a4, max_idle_ns: 440795252030 ns
[    2.247041] clocksource: Switched to clocksource tsc
[    2.247360] Trying to unpack rootfs image as initramfs...
[    2.250279] Initialise system trusted keyrings
[    2.250288] Key type blacklist registered
[    2.250630] workingset: timestamp_bits=36 max_order=21 bucket_order=0
[    2.250657] zbud: loaded
[    2.251442] squashfs: version 4.0 (2009/01/31) Phillip Lougher
[    2.252106] fuse: init (API version 7.40)
[    2.252673] integrity: Platform Keyring initialized
[    2.252676] integrity: Machine keyring initialized
[    2.260728] Key type asymmetric registered
[    2.260731] Asymmetric key parser 'x509' registered
[    2.261076] Block layer SCSI generic (bsg) driver version 0.4 loaded (major 243)
[    2.261762] io scheduler mq-deadline registered
[    2.266391] pcieport 0000:00:15.0: PME: Signaling with IRQ 24
[    2.266514] pcieport 0000:00:15.0: pciehp: Slot #160 AttnBtn+ PwrCtrl+ MRL- AttnInd- PwrInd- HotPlug+ Surprise- Interlock- NoCompl+ IbPresDis- LLActRep+
[    2.268688] pcieport 0000:00:15.1: PME: Signaling with IRQ 25
[    2.268817] pcieport 0000:00:15.1: pciehp: Slot #161 AttnBtn+ PwrCtrl+ MRL- AttnInd- PwrInd- HotPlug+ Surprise- Interlock- NoCompl+ IbPresDis- LLActRep+
[    2.270635] pcieport 0000:00:15.2: PME: Signaling with IRQ 26
[    2.270743] pcieport 0000:00:15.2: pciehp: Slot #162 AttnBtn+ PwrCtrl+ MRL- AttnInd- PwrInd- HotPlug+ Surprise- Interlock- NoCompl+ IbPresDis- LLActRep+
[    2.272657] pcieport 0000:00:15.3: PME: Signaling with IRQ 27
[    2.272772] pcieport 0000:00:15.3: pciehp: Slot #163 AttnBtn+ PwrCtrl+ MRL- AttnInd- PwrInd- HotPlug+ Surprise- Interlock- NoCompl+ IbPresDis- LLActRep+
[    2.274598] pcieport 0000:00:15.4: PME: Signaling with IRQ 28
[    2.274724] pcieport 0000:00:15.4: pciehp: Slot #164 AttnBtn+ PwrCtrl+ MRL- AttnInd- PwrInd- HotPlug+ Surprise- Interlock- NoCompl+ IbPresDis- LLActRep+
[    2.276398] pcieport 0000:00:15.5: PME: Signaling with IRQ 29
[    2.276541] pcieport 0000:00:15.5: pciehp: Slot #165 AttnBtn+ PwrCtrl+ MRL- AttnInd- PwrInd- HotPlug+ Surprise- Interlock- NoCompl+ IbPresDis- LLActRep+
[    2.278469] pcieport 0000:00:15.6: PME: Signaling with IRQ 30
[    2.278597] pcieport 0000:00:15.6: pciehp: Slot #166 AttnBtn+ PwrCtrl+ MRL- AttnInd- PwrInd- HotPlug+ Surprise- Interlock- NoCompl+ IbPresDis- LLActRep+
[    2.280434] pcieport 0000:00:15.7: PME: Signaling with IRQ 31
